Info) VMD for LINUXAMD64, version 1.9.4a12 (December 21, 2017)
Info) http://www.ks.uiuc.edu/Research/vmd/                         
Info) Email questions and bug reports to vmd@ks.uiuc.edu           
Info) Please include this reference in published work using VMD:   
Info)    Humphrey, W., Dalke, A. and Schulten, K., `VMD - Visual   
Info)    Molecular Dynamics', J. Molec. Graphics 1996, 14.1, 33-38.
Info) -------------------------------------------------------------
Info) Multithreading available, 32 CPUs detected.
Info)   CPU features: SSE2 AVX AVX2 FMA AVX512F AVX512CD 
Info) Free system memory: 58GB (92%)
Info) Creating CUDA device pool and initializing hardware...
Info) Detected 4 available CUDA accelerators:
Info) [0] NVIDIA GeForce GTX 1080 Ti 28 SM_6.1 1.58 GHz, 11GB RAM, AE2, ZCP
Info) [1] NVIDIA GeForce GTX 1080 Ti 28 SM_6.1 1.58 GHz, 11GB RAM, AE2, ZCP
Info) [2] NVIDIA GeForce GTX 1080 Ti 28 SM_6.1 1.58 GHz, 11GB RAM, AE2, ZCP
Info) [3] NVIDIA GeForce GTX 1080 Ti 28 SM_6.1 1.58 GHz, 11GB RAM, AE2, ZCP
Info) Detected 4 available TachyonL/OptiX ray tracing accelerators
Info)   Compiling 1 OptiX shaders on 4 target GPUs...
Info) Dynamically loaded 3 plugins in directory:
Info) /usr/local/lib/vmd/plugins/LINUXAMD64/molfile
10
file58
file59
file60
Info) Using plugin pdb for structure file ../traj-fit-nodt.pdb
Info) Using plugin pdb for coordinates from file ../traj-fit-nodt.pdb
Info) Determining bond structure from distance search ...
Info) Finished with coordinate file ../traj-fit-nodt.pdb.
Info) Analyzing structure ...
Info)    Atoms: 66417
Info)    Bonds: 51506
Info)    Angles: 0  Dihedrals: 0  Impropers: 0  Cross-terms: 0
Info)    Bondtypes: 0  Angletypes: 0  Dihedraltypes: 0  Impropertypes: 0
Info)    Residues: 15443
Info)    Waters: 14482
Warning) Unusual bond between residues:  106 (none) and 3724 (waters)
Warning) Unusual bond between residues:  109 (none) and 2028 (waters)
Warning) Unusual bond between residues:  615 (none) and 1626 (waters)
Info)    Segments: 1
Info)    Fragments: 15169   Protein: 6   Nucleic: 0
0
atomselect0
37.91038513183594 37.894134521484375 62.55459976196289
62.55459976196289
72.55459976196289
52.55459976196289
atomselect1
22446 22447 22448 22449 22450 22451 22452 22453 22454 22455 22456 22457 22458 22459 22460 22461 22462 22463 22464 22465 22466 22467 22468 22469 22470 22471 22472 22473 22474 22475 22476 22477 22478 22479 22480 22481 22482 22483 22484 22485 22486 22487 22488 22489 22490 22491 22492 22493 22494 22495 22496 22497 22498 22499 22500 22501 22502 22503 22504 22505 22506 22507 22508 22509 22510 22511 22512 22513 22514 22515 22516 22517 22518 22519 22520 22521 22522 22523 22524 22525 22526 22527 22528 22529 22530 22531 22532 22533 22534 22535 22536 22537 22538 22539 22540 22541 22542 22543 22544 22545 22546 22547 22548 22549 22550 22551 22552 22553 22554 22555 22556 22557 22558 22559 22560 22561 22562 22563 22564 22565 22566 22567 22568 22569 22570 22571 22572 22573 22574 22575 22576 22577 22578 22579 22580 22581 22582 22583 22584 22585 22586 22587 22588 22589 22590 22591 22592 22593 22594 22595 22596 22597 22598 22599 22600 22601 22602 22603 22604 22605 22606 22607 22608 22609 22610 22611 22612 22613 22614 22615 22616 22617 22618 22619 22620 22621 22622 22623 22624 22625 22626 22627 22628 22629 22630 22631 22632 22633 22634 22635 22636 22637 22638 22639 22640 22641 22642 22643 22644 22645 22646 22647 22648 22649 22650 22651 22652 22653 22654 22655 22656 22657 22658 22659 22660 22661 22662 22663 22664 22665 22666 22667 22668 22669 22670 22671 22672 22673 22674 22675 22676 22677 22678 22679 22680 22681 22682 22683 22684 22685 22686 22687 22688 22689 22690 22691 22692 22693 22694 22695 22696 22697 22698 22699 22700 22701 22702 22703 22704 22705 22706
0
0
0
Info) Using plugin xtc for coordinates from file ../traj-fit-nodt.xtc
Done with frame 1
after#0
vmd > Done with frame 2
Done with frame 3
Done with frame 4
Done with frame 5
Done with frame 6
Done with frame 7
Done with frame 8
Done with frame 9
Done with frame 10
Done with frame 11
Done with frame 12
Done with frame 13
Done with frame 14
Done with frame 15
Done with frame 16
Done with frame 17
Done with frame 18
Done with frame 19
Done with frame 20
Done with frame 21
Done with frame 22
Done with frame 23
Done with frame 24
Done with frame 25
Done with frame 26
Done with frame 27
Done with frame 28
Done with frame 29
Done with frame 30
Done with frame 31
Done with frame 32
Done with frame 33
Done with frame 34
Done with frame 35
Done with frame 36
Done with frame 37
Done with frame 38
Done with frame 39
Done with frame 40
Done with frame 41
Done with frame 42
Done with frame 43
Done with frame 44
Done with frame 45
Done with frame 46
Done with frame 47
Done with frame 48
Done with frame 49
Done with frame 50
Done with frame 51
Done with frame 52
Done with frame 53
Done with frame 54
Done with frame 55
Done with frame 56
Done with frame 57
Done with frame 58
Done with frame 59
Done with frame 60
Done with frame 61
Done with frame 62
Done with frame 63
Done with frame 64
Done with frame 65
Done with frame 66
Done with frame 67
Done with frame 68
Done with frame 69
Done with frame 70
Done with frame 71
Done with frame 72
Done with frame 73
Done with frame 74
Done with frame 75
Done with frame 76
Done with frame 77
Done with frame 78
Done with frame 79
Done with frame 80
Done with frame 81
Done with frame 82
Done with frame 83
Done with frame 84
Done with frame 85
Done with frame 86
Done with frame 87
Done with frame 88
Done with frame 89
Done with frame 90
Done with frame 91
Done with frame 92
Done with frame 93
Done with frame 94
Done with frame 95
Done with frame 96
Done with frame 97
Done with frame 98
Done with frame 99
Done with frame 100
Done with frame 101
Done with frame 102
Done with frame 103
Done with frame 104
Done with frame 105
Done with frame 106
Done with frame 107
Done with frame 108
Done with frame 109
Done with frame 110
Done with frame 111
Done with frame 112
Done with frame 113
Done with frame 114
Done with frame 115
Done with frame 116
Done with frame 117
Done with frame 118
Done with frame 119
Done with frame 120
Done with frame 121
Done with frame 122
Done with frame 123
Done with frame 124
Done with frame 125
Done with frame 126
Done with frame 127
Done with frame 128
Done with frame 129
Done with frame 130
Done with frame 131
Done with frame 132
Done with frame 133
Done with frame 134
Done with frame 135
Done with frame 136
Done with frame 137
Done with frame 138
Done with frame 139
Done with frame 140
Done with frame 141
Done with frame 142
Done with frame 143
Done with frame 144
Done with frame 145
Done with frame 146
Done with frame 147
Done with frame 148
Done with frame 149
Done with frame 150
Done with frame 151
Done with frame 152
Done with frame 153
Done with frame 154
Done with frame 155
Done with frame 156
Done with frame 157
Done with frame 158
Done with frame 159
Done with frame 160
Done with frame 161
Done with frame 162
Done with frame 163
Done with frame 164
Done with frame 165
Done with frame 166
Done with frame 167
Done with frame 168
Done with frame 169
Done with frame 170
Done with frame 171
Done with frame 172
Done with frame 173
Done with frame 174
Done with frame 175
Done with frame 176
Done with frame 177
Done with frame 178
Done with frame 179
Done with frame 180
Done with frame 181
Done with frame 182
Done with frame 183
Done with frame 184
Done with frame 185
Done with frame 186
Done with frame 187
Done with frame 188
Done with frame 189
Done with frame 190
Done with frame 191
Done with frame 192
Done with frame 193
Done with frame 194
Done with frame 195
Done with frame 196
Done with frame 197
Done with frame 198
Done with frame 199
Done with frame 200
Done with frame 201
Done with frame 202
Done with frame 203
Done with frame 204
Done with frame 205
Done with frame 206
Done with frame 207
Done with frame 208
Done with frame 209
Done with frame 210
Done with frame 211
Done with frame 212
Done with frame 213
Done with frame 214
Done with frame 215
Done with frame 216
Done with frame 217
Done with frame 218
Done with frame 219
Done with frame 220
Done with frame 221
Done with frame 222
Done with frame 223
Done with frame 224
Done with frame 225
Done with frame 226
Done with frame 227
Done with frame 228
Done with frame 229
Done with frame 230
Done with frame 231
Done with frame 232
Done with frame 233
Done with frame 234
Done with frame 235
Done with frame 236
Done with frame 237
Done with frame 238
Done with frame 239
Done with frame 240
Done with frame 241
Done with frame 242
Done with frame 243
Done with frame 244
Done with frame 245
Done with frame 246
Done with frame 247
Done with frame 248
Done with frame 249
Done with frame 250
Done with frame 251
Done with frame 252
Done with frame 253
Done with frame 254
Done with frame 255
Done with frame 256
Done with frame 257
Done with frame 258
Done with frame 259
Done with frame 260
Done with frame 261
Done with frame 262
Done with frame 263
Done with frame 264
Done with frame 265
Done with frame 266
Done with frame 267
Done with frame 268
Done with frame 269
Done with frame 270
Done with frame 271
Done with frame 272
Done with frame 273
Done with frame 274
Done with frame 275
Done with frame 276
Done with frame 277
Done with frame 278
Done with frame 279
Done with frame 280
Done with frame 281
Done with frame 282
Done with frame 283
Done with frame 284
Done with frame 285
Done with frame 286
Done with frame 287
Done with frame 288
Done with frame 289
Done with frame 290
Done with frame 291
Done with frame 292
Done with frame 293
Done with frame 294
Done with frame 295
Done with frame 296
Done with frame 297
Done with frame 298
Done with frame 299
Done with frame 300
Done with frame 301
Done with frame 302
Done with frame 303
Done with frame 304
Done with frame 305
Done with frame 306
Done with frame 307
Done with frame 308
Done with frame 309
Done with frame 310
Done with frame 311
Done with frame 312
Done with frame 313
Done with frame 314
Done with frame 315
Done with frame 316
Done with frame 317
Done with frame 318
Done with frame 319
Done with frame 320
Done with frame 321
Done with frame 322
Done with frame 323
Done with frame 324
Done with frame 325
Done with frame 326
Done with frame 327
Done with frame 328
Done with frame 329
Done with frame 330
Done with frame 331
Done with frame 332
Done with frame 333
Done with frame 334
Done with frame 335
Done with frame 336
Done with frame 337
Done with frame 338
Done with frame 339
Done with frame 340
Done with frame 341
Done with frame 342
Done with frame 343
Done with frame 344
Done with frame 345
Done with frame 346
Done with frame 347
Done with frame 348
Done with frame 349
Done with frame 350
Done with frame 351
Done with frame 352
Done with frame 353
Done with frame 354
Done with frame 355
Done with frame 356
Done with frame 357
Done with frame 358
Done with frame 359
Done with frame 360
Done with frame 361
Done with frame 362
Done with frame 363
Done with frame 364
Done with frame 365
Done with frame 366
Done with frame 367
Done with frame 368
Done with frame 369
Done with frame 370
Done with frame 371
Done with frame 372
Done with frame 373
Done with frame 374
Done with frame 375
Done with frame 376
Done with frame 377
Done with frame 378
Done with frame 379
Done with frame 380
Done with frame 381
Done with frame 382
Done with frame 383
Done with frame 384
Done with frame 385
Done with frame 386
Done with frame 387
Done with frame 388
Done with frame 389
Done with frame 390
Done with frame 391
Done with frame 392
Done with frame 393
Done with frame 394
Done with frame 395
Done with frame 396
Done with frame 397
Done with frame 398
Done with frame 399
Done with frame 400
Done with frame 401
Done with frame 402
Done with frame 403
Done with frame 404
Done with frame 405
Done with frame 406
Done with frame 407
Done with frame 408
Done with frame 409
Done with frame 410
Done with frame 411
Done with frame 412
Done with frame 413
Done with frame 414
Done with frame 415
Done with frame 416
Done with frame 417
Done with frame 418
Done with frame 419
Done with frame 420
Done with frame 421
Done with frame 422
Done with frame 423
Done with frame 424
Done with frame 425
Done with frame 426
Done with frame 427
Done with frame 428
Done with frame 429
Done with frame 430
Done with frame 431
Done with frame 432
Done with frame 433
Done with frame 434
Done with frame 435
Done with frame 436
Done with frame 437
Done with frame 438
Done with frame 439
Done with frame 440
Done with frame 441
Done with frame 442
Done with frame 443
Done with frame 444
Done with frame 445
Done with frame 446
Done with frame 447
Done with frame 448
Done with frame 449
Done with frame 450
Done with frame 451
Done with frame 452
Done with frame 453
Done with frame 454
Done with frame 455
Done with frame 456
Done with frame 457
Done with frame 458
Done with frame 459
Done with frame 460
Done with frame 461
Done with frame 462
Done with frame 463
Done with frame 464
Done with frame 465
Done with frame 466
Done with frame 467
Done with frame 468
Done with frame 469
Done with frame 470
Done with frame 471
Done with frame 472
Done with frame 473
Done with frame 474
Done with frame 475
Done with frame 476
Done with frame 477
Done with frame 478
Done with frame 479
Done with frame 480
Done with frame 481
Done with frame 482
Done with frame 483
Done with frame 484
Done with frame 485
Done with frame 486
Done with frame 487
Done with frame 488
Done with frame 489
Done with frame 490
Done with frame 491
Done with frame 492
Done with frame 493
Done with frame 494
Done with frame 495
Done with frame 496
Done with frame 497
Done with frame 498
Done with frame 499
Done with frame 500
Done with frame 501
Done with frame 502
Done with frame 503
Done with frame 504
Done with frame 505
Done with frame 506
Done with frame 507
Done with frame 508
Done with frame 509
Done with frame 510
Done with frame 511
Done with frame 512
Done with frame 513
Done with frame 514
Done with frame 515
Done with frame 516
Done with frame 517
Done with frame 518
Done with frame 519
Done with frame 520
Done with frame 521
Done with frame 522
Done with frame 523
Done with frame 524
Done with frame 525
Done with frame 526
Done with frame 527
Done with frame 528
Done with frame 529
Done with frame 530
Done with frame 531
Done with frame 532
Done with frame 533
Done with frame 534
Done with frame 535
Done with frame 536
Done with frame 537
Done with frame 538
Done with frame 539
Done with frame 540
Done with frame 541
Done with frame 542
Done with frame 543
Done with frame 544
Done with frame 545
Done with frame 546
Done with frame 547
Done with frame 548
Done with frame 549
Done with frame 550
Done with frame 551
Done with frame 552
Done with frame 553
Done with frame 554
Done with frame 555
Done with frame 556
Done with frame 557
Done with frame 558
Done with frame 559
Done with frame 560
Done with frame 561
Done with frame 562
Done with frame 563
Done with frame 564
Done with frame 565
Done with frame 566
Done with frame 567
Done with frame 568
Done with frame 569
Done with frame 570
Done with frame 571
Done with frame 572
Done with frame 573
Done with frame 574
Done with frame 575
Done with frame 576
Done with frame 577
Done with frame 578
Done with frame 579
Done with frame 580
Done with frame 581
Done with frame 582
Done with frame 583
Done with frame 584
Done with frame 585
Done with frame 586
Done with frame 587
Done with frame 588
Done with frame 589
Done with frame 590
Done with frame 591
Done with frame 592
Done with frame 593
Done with frame 594
Done with frame 595
Done with frame 596
Done with frame 597
Done with frame 598
Done with frame 599
Done with frame 600
Done with frame 601
Done with frame 602
Done with frame 603
Done with frame 604
Done with frame 605
Done with frame 606
Done with frame 607
Done with frame 608
Done with frame 609
Done with frame 610
Done with frame 611
Done with frame 612
Done with frame 613
Done with frame 614
Done with frame 615
Done with frame 616
Done with frame 617
Done with frame 618
Done with frame 619
Done with frame 620
Done with frame 621
Done with frame 622
Done with frame 623
Done with frame 624
Done with frame 625
Done with frame 626
Done with frame 627
Done with frame 628
Done with frame 629
Done with frame 630
Done with frame 631
Done with frame 632
Done with frame 633
Done with frame 634
Done with frame 635
Done with frame 636
Done with frame 637
Done with frame 638
Done with frame 639
Done with frame 640
Done with frame 641
Done with frame 642
Done with frame 643
Done with frame 644
Done with frame 645
Done with frame 646
Done with frame 647
Done with frame 648
Done with frame 649
Done with frame 650
Done with frame 651
Done with frame 652
Done with frame 653
Done with frame 654
Done with frame 655
Done with frame 656
Done with frame 657
Done with frame 658
Done with frame 659
Done with frame 660
Done with frame 661
Done with frame 662
Done with frame 663
Done with frame 664
Done with frame 665
Done with frame 666
Done with frame 667
Done with frame 668
Done with frame 669
Done with frame 670
Done with frame 671
Done with frame 672
Done with frame 673
Done with frame 674
Done with frame 675
Done with frame 676
Done with frame 677
Done with frame 678
Done with frame 679
Done with frame 680
Done with frame 681
Done with frame 682
Done with frame 683
Done with frame 684
Done with frame 685
Done with frame 686
Done with frame 687
Done with frame 688
Done with frame 689
Done with frame 690
Done with frame 691
Done with frame 692
Done with frame 693
Done with frame 694
Done with frame 695
Done with frame 696
Done with frame 697
Done with frame 698
Done with frame 699
Done with frame 700
Done with frame 701
Done with frame 702
Done with frame 703
Done with frame 704
Done with frame 705
Done with frame 706
Done with frame 707
Done with frame 708
Done with frame 709
Done with frame 710
Done with frame 711
Done with frame 712
Done with frame 713
Done with frame 714
Done with frame 715
Done with frame 716
Done with frame 717
Done with frame 718
Done with frame 719
Done with frame 720
Done with frame 721
Done with frame 722
Done with frame 723
Done with frame 724
Done with frame 725
Done with frame 726
Done with frame 727
Done with frame 728
Done with frame 729
Done with frame 730
Done with frame 731
Done with frame 732
Done with frame 733
Done with frame 734
Done with frame 735
Done with frame 736
Done with frame 737
Done with frame 738
Done with frame 739
Done with frame 740
Done with frame 741
Done with frame 742
Done with frame 743
Done with frame 744
Done with frame 745
Done with frame 746
Done with frame 747
Done with frame 748
Done with frame 749
Done with frame 750
Done with frame 751
Done with frame 752
Done with frame 753
Done with frame 754
Done with frame 755
Done with frame 756
Done with frame 757
Done with frame 758
Done with frame 759
Done with frame 760
Done with frame 761
Done with frame 762
Done with frame 763
Done with frame 764
Done with frame 765
Done with frame 766
Done with frame 767
Done with frame 768
Done with frame 769
Done with frame 770
Done with frame 771
Done with frame 772
Done with frame 773
Done with frame 774
Done with frame 775
Done with frame 776
Done with frame 777
Done with frame 778
Done with frame 779
Done with frame 780
Done with frame 781
Done with frame 782
Done with frame 783
Done with frame 784
Done with frame 785
Done with frame 786
Done with frame 787
Done with frame 788
Done with frame 789
Done with frame 790
Done with frame 791
Done with frame 792
Done with frame 793
Done with frame 794
Done with frame 795
Done with frame 796
Done with frame 797
Done with frame 798
Done with frame 799
Done with frame 800
Done with frame 801
Done with frame 802
Done with frame 803
Done with frame 804
Done with frame 805
Done with frame 806
Done with frame 807
Done with frame 808
Done with frame 809
Done with frame 810
Done with frame 811
Done with frame 812
Done with frame 813
Done with frame 814
Done with frame 815
Done with frame 816
Done with frame 817
Done with frame 818
Done with frame 819
Done with frame 820
Done with frame 821
Done with frame 822
Done with frame 823
Done with frame 824
Done with frame 825
Done with frame 826
Done with frame 827
Done with frame 828
Done with frame 829
Done with frame 830
Done with frame 831
Done with frame 832
Done with frame 833
Done with frame 834
Done with frame 835
Done with frame 836
Done with frame 837
Done with frame 838
Done with frame 839
Done with frame 840
Done with frame 841
Done with frame 842
Done with frame 843
Done with frame 844
Done with frame 845
Done with frame 846
Done with frame 847
Done with frame 848
Done with frame 849
Done with frame 850
Done with frame 851
Done with frame 852
Done with frame 853
Done with frame 854
Done with frame 855
Done with frame 856
Done with frame 857
Done with frame 858
Done with frame 859
Done with frame 860
Done with frame 861
Done with frame 862
Done with frame 863
Done with frame 864
Done with frame 865
Done with frame 866
Done with frame 867
Done with frame 868
Done with frame 869
Done with frame 870
Done with frame 871
Done with frame 872
Done with frame 873
Done with frame 874
Done with frame 875
Done with frame 876
Done with frame 877
Done with frame 878
Done with frame 879
Done with frame 880
Done with frame 881
Done with frame 882
Done with frame 883
Done with frame 884
Done with frame 885
Done with frame 886
Done with frame 887
Done with frame 888
Done with frame 889
Done with frame 890
Done with frame 891
Done with frame 892
Done with frame 893
Done with frame 894
Done with frame 895
Done with frame 896
Done with frame 897
Done with frame 898
Done with frame 899
Done with frame 900
Done with frame 901
Done with frame 902
Done with frame 903
Done with frame 904
Done with frame 905
Done with frame 906
Done with frame 907
Done with frame 908
Done with frame 909
Done with frame 910
Done with frame 911
Done with frame 912
Done with frame 913
Done with frame 914
Done with frame 915
Done with frame 916
Done with frame 917
Done with frame 918
Done with frame 919
Done with frame 920
Done with frame 921
Done with frame 922
Done with frame 923
Done with frame 924
Done with frame 925
Done with frame 926
Done with frame 927
Done with frame 928
Done with frame 929
Done with frame 930
Done with frame 931
Done with frame 932
Done with frame 933
Done with frame 934
Done with frame 935
Done with frame 936
Done with frame 937
Done with frame 938
Done with frame 939
Done with frame 940
Done with frame 941
Done with frame 942
Done with frame 943
Done with frame 944
Done with frame 945
Done with frame 946
Done with frame 947
Done with frame 948
Done with frame 949
Done with frame 950
Done with frame 951
Done with frame 952
Done with frame 953
Done with frame 954
Done with frame 955
Done with frame 956
Done with frame 957
Done with frame 958
Done with frame 959
Done with frame 960
Done with frame 961
Done with frame 962
Done with frame 963
Done with frame 964
Done with frame 965
Done with frame 966
Done with frame 967
Done with frame 968
Done with frame 969
Done with frame 970
Done with frame 971
Done with frame 972
Done with frame 973
Done with frame 974
Done with frame 975
Done with frame 976
Done with frame 977
Done with frame 978
Done with frame 979
Done with frame 980
Done with frame 981
Done with frame 982
Done with frame 983
Done with frame 984
Done with frame 985
Done with frame 986
Done with frame 987
Done with frame 988
Done with frame 989
Done with frame 990
Done with frame 991
Done with frame 992
Done with frame 993
Done with frame 994
Done with frame 995
Done with frame 996
Done with frame 997
Done with frame 998
Done with frame 999
Done with frame 1000
Done with frame 1001
Done with frame 1002
Done with frame 1003
Done with frame 1004
Done with frame 1005
Done with frame 1006
Done with frame 1007
Done with frame 1008
Done with frame 1009
Done with frame 1010
Done with frame 1011
Done with frame 1012
Done with frame 1013
Done with frame 1014
Done with frame 1015
Done with frame 1016
Done with frame 1017
Done with frame 1018
Done with frame 1019
Done with frame 1020
Done with frame 1021
Done with frame 1022
Done with frame 1023
Done with frame 1024
Done with frame 1025
Done with frame 1026
Done with frame 1027
Done with frame 1028
Done with frame 1029
Done with frame 1030
Done with frame 1031
Done with frame 1032
Done with frame 1033
Done with frame 1034
Done with frame 1035
Done with frame 1036
Done with frame 1037
Done with frame 1038
Done with frame 1039
Done with frame 1040
Done with frame 1041
Done with frame 1042
Done with frame 1043
Done with frame 1044
Done with frame 1045
Done with frame 1046
Done with frame 1047
Done with frame 1048
Done with frame 1049
Done with frame 1050
Done with frame 1051
Done with frame 1052
Done with frame 1053
Done with frame 1054
Done with frame 1055
Done with frame 1056
Done with frame 1057
Done with frame 1058
Done with frame 1059
Done with frame 1060
Done with frame 1061
Done with frame 1062
Done with frame 1063
Done with frame 1064
Done with frame 1065
Done with frame 1066
Done with frame 1067
Done with frame 1068
Done with frame 1069
Done with frame 1070
Done with frame 1071
Done with frame 1072
Done with frame 1073
Done with frame 1074
Done with frame 1075
Done with frame 1076
Done with frame 1077
Done with frame 1078
Done with frame 1079
Done with frame 1080
Done with frame 1081
Done with frame 1082
Done with frame 1083
Done with frame 1084
Done with frame 1085
Done with frame 1086
Done with frame 1087
Done with frame 1088
Done with frame 1089
Done with frame 1090
Done with frame 1091
Done with frame 1092
Done with frame 1093
Done with frame 1094
Done with frame 1095
Done with frame 1096
Done with frame 1097
Done with frame 1098
Done with frame 1099
Done with frame 1100
Done with frame 1101
Done with frame 1102
Done with frame 1103
Done with frame 1104
Done with frame 1105
Done with frame 1106
Done with frame 1107
Done with frame 1108
Done with frame 1109
Done with frame 1110
Done with frame 1111
Done with frame 1112
Done with frame 1113
Done with frame 1114
Done with frame 1115
Done with frame 1116
Done with frame 1117
Done with frame 1118
Done with frame 1119
Done with frame 1120
Done with frame 1121
Done with frame 1122
Done with frame 1123
Done with frame 1124
Done with frame 1125
Done with frame 1126
Done with frame 1127
Done with frame 1128
Done with frame 1129
Done with frame 1130
Done with frame 1131
Done with frame 1132
Done with frame 1133
Done with frame 1134
Done with frame 1135
Done with frame 1136
Done with frame 1137
Done with frame 1138
Done with frame 1139
Done with frame 1140
Done with frame 1141
Done with frame 1142
Done with frame 1143
Done with frame 1144
Done with frame 1145
Done with frame 1146
Done with frame 1147
Done with frame 1148
Done with frame 1149
Done with frame 1150
Done with frame 1151
Done with frame 1152
Done with frame 1153
Done with frame 1154
Done with frame 1155
Done with frame 1156
Done with frame 1157
Done with frame 1158
Done with frame 1159
Done with frame 1160
Done with frame 1161
Done with frame 1162
Done with frame 1163
Done with frame 1164
Done with frame 1165
Done with frame 1166
Done with frame 1167
Done with frame 1168
Done with frame 1169
Done with frame 1170
Done with frame 1171
Done with frame 1172
Done with frame 1173
Done with frame 1174
Done with frame 1175
Done with frame 1176
Done with frame 1177
Done with frame 1178
Done with frame 1179
Done with frame 1180
Done with frame 1181
Done with frame 1182
Done with frame 1183
Done with frame 1184
Done with frame 1185
Done with frame 1186
Done with frame 1187
Done with frame 1188
Done with frame 1189
Done with frame 1190
Done with frame 1191
Done with frame 1192
Done with frame 1193
Done with frame 1194
Done with frame 1195
Done with frame 1196
Done with frame 1197
Done with frame 1198
Done with frame 1199
Done with frame 1200
Done with frame 1201
Done with frame 1202
Done with frame 1203
Done with frame 1204
Done with frame 1205
Done with frame 1206
Done with frame 1207
Done with frame 1208
Done with frame 1209
Done with frame 1210
Done with frame 1211
Done with frame 1212
Done with frame 1213
Done with frame 1214
Done with frame 1215
Done with frame 1216
Done with frame 1217
Done with frame 1218
Done with frame 1219
Done with frame 1220
Done with frame 1221
Done with frame 1222
Done with frame 1223
Done with frame 1224
Done with frame 1225
Done with frame 1226
Done with frame 1227
Done with frame 1228
Done with frame 1229
Done with frame 1230
Done with frame 1231
Done with frame 1232
Done with frame 1233
Done with frame 1234
Done with frame 1235
Done with frame 1236
Done with frame 1237
Done with frame 1238
Done with frame 1239
Done with frame 1240
Done with frame 1241
Done with frame 1242
Done with frame 1243
Done with frame 1244
Done with frame 1245
Done with frame 1246
Done with frame 1247
Done with frame 1248
Done with frame 1249
Done with frame 1250
Done with frame 1251
Done with frame 1252
Done with frame 1253
Done with frame 1254
Done with frame 1255
Done with frame 1256
Done with frame 1257
Done with frame 1258
Done with frame 1259
Done with frame 1260
Done with frame 1261
Done with frame 1262
Done with frame 1263
Done with frame 1264
Done with frame 1265
Done with frame 1266
Done with frame 1267
Done with frame 1268
Done with frame 1269
Done with frame 1270
Done with frame 1271
Done with frame 1272
Done with frame 1273
Done with frame 1274
Done with frame 1275
Done with frame 1276
Done with frame 1277
Done with frame 1278
Done with frame 1279
Done with frame 1280
Done with frame 1281
Done with frame 1282
Done with frame 1283
Done with frame 1284
Done with frame 1285
Done with frame 1286
Done with frame 1287
Done with frame 1288
Done with frame 1289
Done with frame 1290
Done with frame 1291
Done with frame 1292
Done with frame 1293
Done with frame 1294
Done with frame 1295
Done with frame 1296
Done with frame 1297
Done with frame 1298
Done with frame 1299
Done with frame 1300
Done with frame 1301
Done with frame 1302
Done with frame 1303
Done with frame 1304
Done with frame 1305
Done with frame 1306
Done with frame 1307
Done with frame 1308
Done with frame 1309
Done with frame 1310
Done with frame 1311
Done with frame 1312
Done with frame 1313
Done with frame 1314
Done with frame 1315
Done with frame 1316
Done with frame 1317
Done with frame 1318
Done with frame 1319
Done with frame 1320
Done with frame 1321
Done with frame 1322
Done with frame 1323
Done with frame 1324
Done with frame 1325
Done with frame 1326
Done with frame 1327
Done with frame 1328
Done with frame 1329
Done with frame 1330
Done with frame 1331
Done with frame 1332
Done with frame 1333
Done with frame 1334
Done with frame 1335
Done with frame 1336
Done with frame 1337
Done with frame 1338
Done with frame 1339
Done with frame 1340
Done with frame 1341
Done with frame 1342
Done with frame 1343
Done with frame 1344
Done with frame 1345
Done with frame 1346
Done with frame 1347
Done with frame 1348
Done with frame 1349
Done with frame 1350
Done with frame 1351
Done with frame 1352
Done with frame 1353
Done with frame 1354
Done with frame 1355
Done with frame 1356
Done with frame 1357
Done with frame 1358
Done with frame 1359
Done with frame 1360
Done with frame 1361
Done with frame 1362
Done with frame 1363
Done with frame 1364
Done with frame 1365
Done with frame 1366
Done with frame 1367
Done with frame 1368
Done with frame 1369
Done with frame 1370
Done with frame 1371
Done with frame 1372
Done with frame 1373
Done with frame 1374
Done with frame 1375
Done with frame 1376
Done with frame 1377
Done with frame 1378
Done with frame 1379
Done with frame 1380
Done with frame 1381
Done with frame 1382
Done with frame 1383
Done with frame 1384
Done with frame 1385
Done with frame 1386
Done with frame 1387
Done with frame 1388
Done with frame 1389
Done with frame 1390
Done with frame 1391
Done with frame 1392
Done with frame 1393
Done with frame 1394
Done with frame 1395
Done with frame 1396
Done with frame 1397
Done with frame 1398
Done with frame 1399
Done with frame 1400
Done with frame 1401
Done with frame 1402
Done with frame 1403
Done with frame 1404
Done with frame 1405
Done with frame 1406
Done with frame 1407
Done with frame 1408
Done with frame 1409
Done with frame 1410
Done with frame 1411
Done with frame 1412
Done with frame 1413
Done with frame 1414
Done with frame 1415
Done with frame 1416
Done with frame 1417
Done with frame 1418
Done with frame 1419
Done with frame 1420
Done with frame 1421
Done with frame 1422
Done with frame 1423
Done with frame 1424
Done with frame 1425
Done with frame 1426
Done with frame 1427
Done with frame 1428
Done with frame 1429
Done with frame 1430
Done with frame 1431
Done with frame 1432
Done with frame 1433
Done with frame 1434
Done with frame 1435
Done with frame 1436
Done with frame 1437
Done with frame 1438
Done with frame 1439
Done with frame 1440
Done with frame 1441
Done with frame 1442
Done with frame 1443
Done with frame 1444
Done with frame 1445
Done with frame 1446
Done with frame 1447
Done with frame 1448
Done with frame 1449
Done with frame 1450
Done with frame 1451
Done with frame 1452
Done with frame 1453
Done with frame 1454
Done with frame 1455
Done with frame 1456
Done with frame 1457
Done with frame 1458
Done with frame 1459
Done with frame 1460
Done with frame 1461
Done with frame 1462
Done with frame 1463
Done with frame 1464
Done with frame 1465
Done with frame 1466
Done with frame 1467
Done with frame 1468
Done with frame 1469
Done with frame 1470
Done with frame 1471
Done with frame 1472
Done with frame 1473
Done with frame 1474
Done with frame 1475
Done with frame 1476
Done with frame 1477
Done with frame 1478
Done with frame 1479
Done with frame 1480
Done with frame 1481
Done with frame 1482
Done with frame 1483
Done with frame 1484
Done with frame 1485
Done with frame 1486
Done with frame 1487
Done with frame 1488
Done with frame 1489
Done with frame 1490
Done with frame 1491
Done with frame 1492
Done with frame 1493
Done with frame 1494
Done with frame 1495
Done with frame 1496
Done with frame 1497
Done with frame 1498
Done with frame 1499
Done with frame 1500
Done with frame 1501
Done with frame 1502
Done with frame 1503
Done with frame 1504
Done with frame 1505
Done with frame 1506
Done with frame 1507
Done with frame 1508
Done with frame 1509
Done with frame 1510
Done with frame 1511
Done with frame 1512
Done with frame 1513
Done with frame 1514
Done with frame 1515
Done with frame 1516
Done with frame 1517
Done with frame 1518
Done with frame 1519
Done with frame 1520
Done with frame 1521
Done with frame 1522
Done with frame 1523
Done with frame 1524
Done with frame 1525
Done with frame 1526
Done with frame 1527
Done with frame 1528
Done with frame 1529
Done with frame 1530
Done with frame 1531
Done with frame 1532
Done with frame 1533
Done with frame 1534
Done with frame 1535
Done with frame 1536
Done with frame 1537
Done with frame 1538
Done with frame 1539
Done with frame 1540
Done with frame 1541
Done with frame 1542
Done with frame 1543
Done with frame 1544
Done with frame 1545
Done with frame 1546
Done with frame 1547
Done with frame 1548
Done with frame 1549
Done with frame 1550
Done with frame 1551
Done with frame 1552
Done with frame 1553
Done with frame 1554
Done with frame 1555
Done with frame 1556
Done with frame 1557
Done with frame 1558
Done with frame 1559
Done with frame 1560
Done with frame 1561
Done with frame 1562
Done with frame 1563
Done with frame 1564
Done with frame 1565
Done with frame 1566
Done with frame 1567
Done with frame 1568
Done with frame 1569
Done with frame 1570
Done with frame 1571
Done with frame 1572
Done with frame 1573
Done with frame 1574
Done with frame 1575
Done with frame 1576
Done with frame 1577
Done with frame 1578
Done with frame 1579
Done with frame 1580
Done with frame 1581
Done with frame 1582
Done with frame 1583
Done with frame 1584
Done with frame 1585
Done with frame 1586
Done with frame 1587
Done with frame 1588
Done with frame 1589
Done with frame 1590
Done with frame 1591
Done with frame 1592
Done with frame 1593
Done with frame 1594
Done with frame 1595
Done with frame 1596
Done with frame 1597
Done with frame 1598
Done with frame 1599
Done with frame 1600
Done with frame 1601
Done with frame 1602
Done with frame 1603
Done with frame 1604
Done with frame 1605
Done with frame 1606
Done with frame 1607
Done with frame 1608
Done with frame 1609
Done with frame 1610
Done with frame 1611
Done with frame 1612
Done with frame 1613
Done with frame 1614
Done with frame 1615
Done with frame 1616
Done with frame 1617
Done with frame 1618
Done with frame 1619
Done with frame 1620
Done with frame 1621
Done with frame 1622
Done with frame 1623
Done with frame 1624
Done with frame 1625
Done with frame 1626
Done with frame 1627
Done with frame 1628
Done with frame 1629
Done with frame 1630
Done with frame 1631
Done with frame 1632
Done with frame 1633
Done with frame 1634
Done with frame 1635
Done with frame 1636
Done with frame 1637
Done with frame 1638
Done with frame 1639
Done with frame 1640
Done with frame 1641
Done with frame 1642
Done with frame 1643
Done with frame 1644
Done with frame 1645
Done with frame 1646
Done with frame 1647
Done with frame 1648
Done with frame 1649
Done with frame 1650
Done with frame 1651
Done with frame 1652
Done with frame 1653
Done with frame 1654
Done with frame 1655
Done with frame 1656
Done with frame 1657
Done with frame 1658
Done with frame 1659
Done with frame 1660
Done with frame 1661
Done with frame 1662
Done with frame 1663
Done with frame 1664
Done with frame 1665
Done with frame 1666
Done with frame 1667
Done with frame 1668
Done with frame 1669
Done with frame 1670
Done with frame 1671
Done with frame 1672
Done with frame 1673
Done with frame 1674
Done with frame 1675
Done with frame 1676
Done with frame 1677
Done with frame 1678
Done with frame 1679
Done with frame 1680
Done with frame 1681
Done with frame 1682
Done with frame 1683
Done with frame 1684
Done with frame 1685
Done with frame 1686
Done with frame 1687
Done with frame 1688
Done with frame 1689
Done with frame 1690
Done with frame 1691
Done with frame 1692
Done with frame 1693
Done with frame 1694
Done with frame 1695
Done with frame 1696
Done with frame 1697
Done with frame 1698
Done with frame 1699
Done with frame 1700
Done with frame 1701
Done with frame 1702
Done with frame 1703
Done with frame 1704
Done with frame 1705
Done with frame 1706
Done with frame 1707
Done with frame 1708
Done with frame 1709
Done with frame 1710
Done with frame 1711
Done with frame 1712
Done with frame 1713
Done with frame 1714
Done with frame 1715
Done with frame 1716
Done with frame 1717
Done with frame 1718
Done with frame 1719
Done with frame 1720
Done with frame 1721
Done with frame 1722
Done with frame 1723
Done with frame 1724
Done with frame 1725
Done with frame 1726
Done with frame 1727
Done with frame 1728
Done with frame 1729
Done with frame 1730
Done with frame 1731
Done with frame 1732
Done with frame 1733
Done with frame 1734
Done with frame 1735
Done with frame 1736
Done with frame 1737
Done with frame 1738
Done with frame 1739
Done with frame 1740
Done with frame 1741
Done with frame 1742
Done with frame 1743
Done with frame 1744
Done with frame 1745
Done with frame 1746
Done with frame 1747
Done with frame 1748
Done with frame 1749
Done with frame 1750
Done with frame 1751
Done with frame 1752
Done with frame 1753
Done with frame 1754
Done with frame 1755
Done with frame 1756
Done with frame 1757
Done with frame 1758
Done with frame 1759
Done with frame 1760
Done with frame 1761
Done with frame 1762
Done with frame 1763
Done with frame 1764
Done with frame 1765
Done with frame 1766
Done with frame 1767
Done with frame 1768
Done with frame 1769
Done with frame 1770
Done with frame 1771
Done with frame 1772
Done with frame 1773
Done with frame 1774
Done with frame 1775
Done with frame 1776
Done with frame 1777
Done with frame 1778
Done with frame 1779
Done with frame 1780
Done with frame 1781
Done with frame 1782
Done with frame 1783
Done with frame 1784
Done with frame 1785
Done with frame 1786
Done with frame 1787
Done with frame 1788
Done with frame 1789
Done with frame 1790
Done with frame 1791
Done with frame 1792
Done with frame 1793
Done with frame 1794
Done with frame 1795
Done with frame 1796
Done with frame 1797
Done with frame 1798
Done with frame 1799
Done with frame 1800
Done with frame 1801
Done with frame 1802
Done with frame 1803
Done with frame 1804
Done with frame 1805
Done with frame 1806
Done with frame 1807
Done with frame 1808
Done with frame 1809
Done with frame 1810
Done with frame 1811
Done with frame 1812
Done with frame 1813
Done with frame 1814
Done with frame 1815
Done with frame 1816
Done with frame 1817
Done with frame 1818
Done with frame 1819
Done with frame 1820
Done with frame 1821
Done with frame 1822
Done with frame 1823
Done with frame 1824
Done with frame 1825
Done with frame 1826
Done with frame 1827
Done with frame 1828
Done with frame 1829
Done with frame 1830
Done with frame 1831
Done with frame 1832
Done with frame 1833
Done with frame 1834
Done with frame 1835
Done with frame 1836
Done with frame 1837
Done with frame 1838
Done with frame 1839
Done with frame 1840
Done with frame 1841
Done with frame 1842
Done with frame 1843
Done with frame 1844
Done with frame 1845
Done with frame 1846
Done with frame 1847
Done with frame 1848
Done with frame 1849
Done with frame 1850
Done with frame 1851
Done with frame 1852
Done with frame 1853
Done with frame 1854
Done with frame 1855
Done with frame 1856
Done with frame 1857
Done with frame 1858
Done with frame 1859
Done with frame 1860
Done with frame 1861
Done with frame 1862
Done with frame 1863
Done with frame 1864
bigdcd_done
vmd > Info) VMD for LINUXAMD64, version 1.9.4a12 (December 21, 2017)
Info) Exiting normally.
