Info) VMD for LINUXAMD64, version 1.9.4a12 (December 21, 2017)
Info) http://www.ks.uiuc.edu/Research/vmd/                         
Info) Email questions and bug reports to vmd@ks.uiuc.edu           
Info) Please include this reference in published work using VMD:   
Info)    Humphrey, W., Dalke, A. and Schulten, K., `VMD - Visual   
Info)    Molecular Dynamics', J. Molec. Graphics 1996, 14.1, 33-38.
Info) -------------------------------------------------------------
Info) Multithreading available, 32 CPUs detected.
Info)   CPU features: SSE2 AVX AVX2 FMA AVX512F AVX512CD 
Info) Free system memory: 57GB (90%)
Info) Creating CUDA device pool and initializing hardware...
Info) Detected 4 available CUDA accelerators:
Info) [0] NVIDIA GeForce GTX 1080 Ti 28 SM_6.1 1.58 GHz, 11GB RAM, AE2, ZCP
Info) [1] NVIDIA GeForce GTX 1080 Ti 28 SM_6.1 1.58 GHz, 11GB RAM, AE2, ZCP
Info) [2] NVIDIA GeForce GTX 1080 Ti 28 SM_6.1 1.58 GHz, 11GB RAM, AE2, ZCP
Info) [3] NVIDIA GeForce GTX 1080 Ti 28 SM_6.1 1.58 GHz, 11GB RAM, AE2, ZCP
Info) Detected 4 available TachyonL/OptiX ray tracing accelerators
Info)   Compiling 1 OptiX shaders on 4 target GPUs...
Info) Dynamically loaded 3 plugins in directory:
Info) /usr/local/lib/vmd/plugins/LINUXAMD64/molfile
10
file58
file59
file60
Info) Using plugin pdb for structure file ../traj-fit-nodt.pdb
Info) Using plugin pdb for coordinates from file ../traj-fit-nodt.pdb
Info) Determining bond structure from distance search ...
Info) Finished with coordinate file ../traj-fit-nodt.pdb.
Info) Analyzing structure ...
Info)    Atoms: 61404
Info)    Bonds: 48291
Info)    Angles: 0  Dihedrals: 0  Impropers: 0  Cross-terms: 0
Info)    Bondtypes: 0  Angletypes: 0  Dihedraltypes: 0  Impropertypes: 0
Info)    Residues: 13646
Info)    Waters: 12756
Warning) Unusual bond between residues:  140 (none) and 3257 (waters)
Warning) Unusual bond between residues:  494 (none) and 3195 (waters)
Warning) Unusual bond between residues:  500 (none) and 2073 (waters)
Warning) Unusual bond between residues:  520 (none) and 9799 (waters)
Warning) Unusual bond between residues:  580 (none) and 9976 (waters)
Warning) Unusual bond between residues:  658 (none) and 746 (waters)
Info)    Segments: 1
Info)    Fragments: 13365   Protein: 6   Nucleic: 0
0
atomselect0
37.826351165771484 37.83000946044922 57.55400466918945
57.55400466918945
67.55400466918945
47.55400466918945
atomselect1
22907 22908 22909 22910 22911 22912 22913 22914 22915 22916 22917 22918 22919 22920 22921 22922 22923 22924 22925 22926 22927 22928 22929 22930 22931 22932 22933 22934 22935 22936 22937 22938 22939 22940 22941 22942 22943 22944 22945 22946 22947 22948 22949 22950 22951 22952 22953 22954 22955 22956 22957 22958 22959 22960 22961 22962 22963 22964 22965 22966 22967 22968 22969 22970 22971 22972 22973 22974 22975 22976 22977 22978 22979 22980 22981 22982 22983 22984 22985 22986 22987 22988 22989 22990 22991 22992 22993 22994 22995 22996 22997 22998 22999 23000 23001 23002 23003 23004 23005 23006 23007 23008 23009 23010 23011 23012 23013 23014 23015 23016 23017 23018 23019 23020 23021 23022 23023 23024 23025 23026 23027 23028 23029 23030 23031 23032 23033 23034 23035 23036 23037 23038 23039 23040 23041 23042 23043 23044 23045 23046 23047 23048 23049 23050 23051 23052 23053 23054 23055 23056 23057 23058 23059 23060 23061 23062 23063 23064 23065 23066 23067 23068 23069 23070 23071 23072 23073 23074 23075 23076 23077 23078 23079 23080 23081 23082 23083 23084 23085 23086 23087 23088 23089 23090 23091 23092 23093 23094 23095 23096 23097 23098 23099 23100 23101 23102 23103 23104 23105 23106 23107 23108 23109 23110 23111 23112 23113 23114 23115 23116 23117 23118 23119 23120 23121 23122 23123 23124 23125 23126 23127 23128 23129 23130 23131 23132 23133 23134 23135
0
0
0
Info) Using plugin xtc for coordinates from file ../traj-fit-nodt.xtc
Done with frame 1
after#0
vmd > Done with frame 2
Done with frame 3
Done with frame 4
Done with frame 5
Done with frame 6
Done with frame 7
Done with frame 8
Done with frame 9
Done with frame 10
Done with frame 11
Done with frame 12
Done with frame 13
Done with frame 14
Done with frame 15
Done with frame 16
Done with frame 17
Done with frame 18
Done with frame 19
Done with frame 20
Done with frame 21
Done with frame 22
Done with frame 23
Done with frame 24
Done with frame 25
Done with frame 26
Done with frame 27
Done with frame 28
Done with frame 29
Done with frame 30
Done with frame 31
Done with frame 32
Done with frame 33
Done with frame 34
Done with frame 35
Done with frame 36
Done with frame 37
Done with frame 38
Done with frame 39
Done with frame 40
Done with frame 41
Done with frame 42
Done with frame 43
Done with frame 44
Done with frame 45
Done with frame 46
Done with frame 47
Done with frame 48
Done with frame 49
Done with frame 50
Done with frame 51
Done with frame 52
Done with frame 53
Done with frame 54
Done with frame 55
Done with frame 56
Done with frame 57
Done with frame 58
Done with frame 59
Done with frame 60
Done with frame 61
Done with frame 62
Done with frame 63
Done with frame 64
Done with frame 65
Done with frame 66
Done with frame 67
Done with frame 68
Done with frame 69
Done with frame 70
Done with frame 71
Done with frame 72
Done with frame 73
Done with frame 74
Done with frame 75
Done with frame 76
Done with frame 77
Done with frame 78
Done with frame 79
Done with frame 80
Done with frame 81
Done with frame 82
Done with frame 83
Done with frame 84
Done with frame 85
Done with frame 86
Done with frame 87
Done with frame 88
Done with frame 89
Done with frame 90
Done with frame 91
Done with frame 92
Done with frame 93
Done with frame 94
Done with frame 95
Done with frame 96
Done with frame 97
Done with frame 98
Done with frame 99
Done with frame 100
Done with frame 101
Done with frame 102
Done with frame 103
Done with frame 104
Done with frame 105
Done with frame 106
Done with frame 107
Done with frame 108
Done with frame 109
Done with frame 110
Done with frame 111
Done with frame 112
Done with frame 113
Done with frame 114
Done with frame 115
Done with frame 116
Done with frame 117
Done with frame 118
Done with frame 119
Done with frame 120
Done with frame 121
Done with frame 122
Done with frame 123
Done with frame 124
Done with frame 125
Done with frame 126
Done with frame 127
Done with frame 128
Done with frame 129
Done with frame 130
Done with frame 131
Done with frame 132
Done with frame 133
Done with frame 134
Done with frame 135
Done with frame 136
Done with frame 137
Done with frame 138
Done with frame 139
Done with frame 140
Done with frame 141
Done with frame 142
Done with frame 143
Done with frame 144
Done with frame 145
Done with frame 146
Done with frame 147
Done with frame 148
Done with frame 149
Done with frame 150
Done with frame 151
Done with frame 152
Done with frame 153
Done with frame 154
Done with frame 155
Done with frame 156
Done with frame 157
Done with frame 158
Done with frame 159
Done with frame 160
Done with frame 161
Done with frame 162
Done with frame 163
Done with frame 164
Done with frame 165
Done with frame 166
Done with frame 167
Done with frame 168
Done with frame 169
Done with frame 170
Done with frame 171
Done with frame 172
Done with frame 173
Done with frame 174
Done with frame 175
Done with frame 176
Done with frame 177
Done with frame 178
Done with frame 179
Done with frame 180
Done with frame 181
Done with frame 182
Done with frame 183
Done with frame 184
Done with frame 185
Done with frame 186
Done with frame 187
Done with frame 188
Done with frame 189
Done with frame 190
Done with frame 191
Done with frame 192
Done with frame 193
Done with frame 194
Done with frame 195
Done with frame 196
Done with frame 197
Done with frame 198
Done with frame 199
Done with frame 200
Done with frame 201
Done with frame 202
Done with frame 203
Done with frame 204
Done with frame 205
Done with frame 206
Done with frame 207
Done with frame 208
Done with frame 209
Done with frame 210
Done with frame 211
Done with frame 212
Done with frame 213
Done with frame 214
Done with frame 215
Done with frame 216
Done with frame 217
Done with frame 218
Done with frame 219
Done with frame 220
Done with frame 221
Done with frame 222
Done with frame 223
Done with frame 224
Done with frame 225
Done with frame 226
Done with frame 227
Done with frame 228
Done with frame 229
Done with frame 230
Done with frame 231
Done with frame 232
Done with frame 233
Done with frame 234
Done with frame 235
Done with frame 236
Done with frame 237
Done with frame 238
Done with frame 239
Done with frame 240
Done with frame 241
Done with frame 242
Done with frame 243
Done with frame 244
Done with frame 245
Done with frame 246
Done with frame 247
Done with frame 248
Done with frame 249
Done with frame 250
Done with frame 251
Done with frame 252
Done with frame 253
Done with frame 254
Done with frame 255
Done with frame 256
Done with frame 257
Done with frame 258
Done with frame 259
Done with frame 260
Done with frame 261
Done with frame 262
Done with frame 263
Done with frame 264
Done with frame 265
Done with frame 266
Done with frame 267
Done with frame 268
Done with frame 269
Done with frame 270
Done with frame 271
Done with frame 272
Done with frame 273
Done with frame 274
Done with frame 275
Done with frame 276
Done with frame 277
Done with frame 278
Done with frame 279
Done with frame 280
Done with frame 281
Done with frame 282
Done with frame 283
Done with frame 284
Done with frame 285
Done with frame 286
Done with frame 287
Done with frame 288
Done with frame 289
Done with frame 290
Done with frame 291
Done with frame 292
Done with frame 293
Done with frame 294
Done with frame 295
Done with frame 296
Done with frame 297
Done with frame 298
Done with frame 299
Done with frame 300
Done with frame 301
Done with frame 302
Done with frame 303
Done with frame 304
Done with frame 305
Done with frame 306
Done with frame 307
Done with frame 308
Done with frame 309
Done with frame 310
Done with frame 311
Done with frame 312
Done with frame 313
Done with frame 314
Done with frame 315
Done with frame 316
Done with frame 317
Done with frame 318
Done with frame 319
Done with frame 320
Done with frame 321
Done with frame 322
Done with frame 323
Done with frame 324
Done with frame 325
Done with frame 326
Done with frame 327
Done with frame 328
Done with frame 329
Done with frame 330
Done with frame 331
Done with frame 332
Done with frame 333
Done with frame 334
Done with frame 335
Done with frame 336
Done with frame 337
Done with frame 338
Done with frame 339
Done with frame 340
Done with frame 341
Done with frame 342
Done with frame 343
Done with frame 344
Done with frame 345
Done with frame 346
Done with frame 347
Done with frame 348
Done with frame 349
Done with frame 350
Done with frame 351
Done with frame 352
Done with frame 353
Done with frame 354
Done with frame 355
Done with frame 356
Done with frame 357
Done with frame 358
Done with frame 359
Done with frame 360
Done with frame 361
Done with frame 362
Done with frame 363
Done with frame 364
Done with frame 365
Done with frame 366
Done with frame 367
Done with frame 368
Done with frame 369
Done with frame 370
Done with frame 371
Done with frame 372
Done with frame 373
Done with frame 374
Done with frame 375
Done with frame 376
Done with frame 377
Done with frame 378
Done with frame 379
Done with frame 380
Done with frame 381
Done with frame 382
Done with frame 383
Done with frame 384
Done with frame 385
Done with frame 386
Done with frame 387
Done with frame 388
Done with frame 389
Done with frame 390
Done with frame 391
Done with frame 392
Done with frame 393
Done with frame 394
Done with frame 395
Done with frame 396
Done with frame 397
Done with frame 398
Done with frame 399
Done with frame 400
Done with frame 401
Done with frame 402
Done with frame 403
Done with frame 404
Done with frame 405
Done with frame 406
Done with frame 407
Done with frame 408
Done with frame 409
Done with frame 410
Done with frame 411
Done with frame 412
Done with frame 413
Done with frame 414
Done with frame 415
Done with frame 416
Done with frame 417
Done with frame 418
Done with frame 419
Done with frame 420
Done with frame 421
Done with frame 422
Done with frame 423
Done with frame 424
Done with frame 425
Done with frame 426
Done with frame 427
Done with frame 428
Done with frame 429
Done with frame 430
Done with frame 431
Done with frame 432
Done with frame 433
Done with frame 434
Done with frame 435
Done with frame 436
Done with frame 437
Done with frame 438
Done with frame 439
Done with frame 440
Done with frame 441
Done with frame 442
Done with frame 443
Done with frame 444
Done with frame 445
Done with frame 446
Done with frame 447
Done with frame 448
Done with frame 449
Done with frame 450
Done with frame 451
Done with frame 452
Done with frame 453
Done with frame 454
Done with frame 455
Done with frame 456
Done with frame 457
Done with frame 458
Done with frame 459
Done with frame 460
Done with frame 461
Done with frame 462
Done with frame 463
Done with frame 464
Done with frame 465
Done with frame 466
Done with frame 467
Done with frame 468
Done with frame 469
Done with frame 470
Done with frame 471
Done with frame 472
Done with frame 473
Done with frame 474
Done with frame 475
Done with frame 476
Done with frame 477
Done with frame 478
Done with frame 479
Done with frame 480
Done with frame 481
Done with frame 482
Done with frame 483
Done with frame 484
Done with frame 485
Done with frame 486
Done with frame 487
Done with frame 488
Done with frame 489
Done with frame 490
Done with frame 491
Done with frame 492
Done with frame 493
Done with frame 494
Done with frame 495
Done with frame 496
Done with frame 497
Done with frame 498
Done with frame 499
Done with frame 500
Done with frame 501
Done with frame 502
Done with frame 503
Done with frame 504
Done with frame 505
Done with frame 506
Done with frame 507
Done with frame 508
Done with frame 509
Done with frame 510
Done with frame 511
Done with frame 512
Done with frame 513
Done with frame 514
Done with frame 515
Done with frame 516
Done with frame 517
Done with frame 518
Done with frame 519
Done with frame 520
Done with frame 521
Done with frame 522
Done with frame 523
Done with frame 524
Done with frame 525
Done with frame 526
Done with frame 527
Done with frame 528
Done with frame 529
Done with frame 530
Done with frame 531
Done with frame 532
Done with frame 533
Done with frame 534
Done with frame 535
Done with frame 536
Done with frame 537
Done with frame 538
Done with frame 539
Done with frame 540
Done with frame 541
Done with frame 542
Done with frame 543
Done with frame 544
Done with frame 545
Done with frame 546
Done with frame 547
Done with frame 548
Done with frame 549
Done with frame 550
Done with frame 551
Done with frame 552
Done with frame 553
Done with frame 554
Done with frame 555
Done with frame 556
Done with frame 557
Done with frame 558
Done with frame 559
Done with frame 560
Done with frame 561
Done with frame 562
Done with frame 563
Done with frame 564
Done with frame 565
Done with frame 566
Done with frame 567
Done with frame 568
Done with frame 569
Done with frame 570
Done with frame 571
Done with frame 572
Done with frame 573
Done with frame 574
Done with frame 575
Done with frame 576
Done with frame 577
Done with frame 578
Done with frame 579
Done with frame 580
Done with frame 581
Done with frame 582
Done with frame 583
Done with frame 584
Done with frame 585
Done with frame 586
Done with frame 587
Done with frame 588
Done with frame 589
Done with frame 590
Done with frame 591
Done with frame 592
Done with frame 593
Done with frame 594
Done with frame 595
Done with frame 596
Done with frame 597
Done with frame 598
Done with frame 599
Done with frame 600
Done with frame 601
Done with frame 602
Done with frame 603
Done with frame 604
Done with frame 605
Done with frame 606
Done with frame 607
Done with frame 608
Done with frame 609
Done with frame 610
Done with frame 611
Done with frame 612
Done with frame 613
Done with frame 614
Done with frame 615
Done with frame 616
Done with frame 617
Done with frame 618
Done with frame 619
Done with frame 620
Done with frame 621
Done with frame 622
Done with frame 623
Done with frame 624
Done with frame 625
Done with frame 626
Done with frame 627
Done with frame 628
Done with frame 629
Done with frame 630
Done with frame 631
Done with frame 632
Done with frame 633
Done with frame 634
Done with frame 635
Done with frame 636
Done with frame 637
Done with frame 638
Done with frame 639
Done with frame 640
Done with frame 641
Done with frame 642
Done with frame 643
Done with frame 644
Done with frame 645
Done with frame 646
Done with frame 647
Done with frame 648
Done with frame 649
Done with frame 650
Done with frame 651
Done with frame 652
Done with frame 653
Done with frame 654
Done with frame 655
Done with frame 656
Done with frame 657
Done with frame 658
Done with frame 659
Done with frame 660
Done with frame 661
Done with frame 662
Done with frame 663
Done with frame 664
Done with frame 665
Done with frame 666
Done with frame 667
Done with frame 668
Done with frame 669
Done with frame 670
Done with frame 671
Done with frame 672
Done with frame 673
Done with frame 674
Done with frame 675
Done with frame 676
Done with frame 677
Done with frame 678
Done with frame 679
Done with frame 680
Done with frame 681
Done with frame 682
Done with frame 683
Done with frame 684
Done with frame 685
Done with frame 686
Done with frame 687
Done with frame 688
Done with frame 689
Done with frame 690
Done with frame 691
Done with frame 692
Done with frame 693
Done with frame 694
Done with frame 695
Done with frame 696
Done with frame 697
Done with frame 698
Done with frame 699
Done with frame 700
Done with frame 701
Done with frame 702
Done with frame 703
Done with frame 704
Done with frame 705
Done with frame 706
Done with frame 707
Done with frame 708
Done with frame 709
Done with frame 710
Done with frame 711
Done with frame 712
Done with frame 713
Done with frame 714
Done with frame 715
Done with frame 716
Done with frame 717
Done with frame 718
Done with frame 719
Done with frame 720
Done with frame 721
Done with frame 722
Done with frame 723
Done with frame 724
Done with frame 725
Done with frame 726
Done with frame 727
Done with frame 728
Done with frame 729
Done with frame 730
Done with frame 731
Done with frame 732
Done with frame 733
Done with frame 734
Done with frame 735
Done with frame 736
Done with frame 737
Done with frame 738
Done with frame 739
Done with frame 740
Done with frame 741
Done with frame 742
Done with frame 743
Done with frame 744
Done with frame 745
Done with frame 746
Done with frame 747
Done with frame 748
Done with frame 749
Done with frame 750
Done with frame 751
Done with frame 752
Done with frame 753
Done with frame 754
Done with frame 755
Done with frame 756
Done with frame 757
Done with frame 758
Done with frame 759
Done with frame 760
Done with frame 761
Done with frame 762
Done with frame 763
Done with frame 764
Done with frame 765
Done with frame 766
Done with frame 767
Done with frame 768
Done with frame 769
Done with frame 770
Done with frame 771
Done with frame 772
Done with frame 773
Done with frame 774
Done with frame 775
Done with frame 776
Done with frame 777
Done with frame 778
Done with frame 779
Done with frame 780
Done with frame 781
Done with frame 782
Done with frame 783
Done with frame 784
Done with frame 785
Done with frame 786
Done with frame 787
Done with frame 788
Done with frame 789
Done with frame 790
Done with frame 791
Done with frame 792
Done with frame 793
Done with frame 794
Done with frame 795
Done with frame 796
Done with frame 797
Done with frame 798
Done with frame 799
Done with frame 800
Done with frame 801
Done with frame 802
Done with frame 803
Done with frame 804
Done with frame 805
Done with frame 806
Done with frame 807
Done with frame 808
Done with frame 809
Done with frame 810
Done with frame 811
Done with frame 812
Done with frame 813
Done with frame 814
Done with frame 815
Done with frame 816
Done with frame 817
Done with frame 818
Done with frame 819
Done with frame 820
Done with frame 821
Done with frame 822
Done with frame 823
Done with frame 824
Done with frame 825
Done with frame 826
Done with frame 827
Done with frame 828
Done with frame 829
Done with frame 830
Done with frame 831
Done with frame 832
Done with frame 833
Done with frame 834
Done with frame 835
Done with frame 836
Done with frame 837
Done with frame 838
Done with frame 839
Done with frame 840
Done with frame 841
Done with frame 842
Done with frame 843
Done with frame 844
Done with frame 845
Done with frame 846
Done with frame 847
Done with frame 848
Done with frame 849
Done with frame 850
Done with frame 851
Done with frame 852
Done with frame 853
Done with frame 854
Done with frame 855
Done with frame 856
Done with frame 857
Done with frame 858
Done with frame 859
Done with frame 860
Done with frame 861
Done with frame 862
Done with frame 863
Done with frame 864
Done with frame 865
Done with frame 866
Done with frame 867
Done with frame 868
Done with frame 869
Done with frame 870
Done with frame 871
Done with frame 872
Done with frame 873
Done with frame 874
Done with frame 875
Done with frame 876
Done with frame 877
Done with frame 878
Done with frame 879
Done with frame 880
Done with frame 881
Done with frame 882
Done with frame 883
Done with frame 884
Done with frame 885
Done with frame 886
Done with frame 887
Done with frame 888
Done with frame 889
Done with frame 890
Done with frame 891
Done with frame 892
Done with frame 893
Done with frame 894
Done with frame 895
Done with frame 896
Done with frame 897
Done with frame 898
Done with frame 899
Done with frame 900
Done with frame 901
Done with frame 902
Done with frame 903
Done with frame 904
Done with frame 905
Done with frame 906
Done with frame 907
Done with frame 908
Done with frame 909
Done with frame 910
Done with frame 911
Done with frame 912
Done with frame 913
Done with frame 914
Done with frame 915
Done with frame 916
Done with frame 917
Done with frame 918
Done with frame 919
Done with frame 920
Done with frame 921
Done with frame 922
Done with frame 923
Done with frame 924
Done with frame 925
Done with frame 926
Done with frame 927
Done with frame 928
Done with frame 929
Done with frame 930
Done with frame 931
Done with frame 932
Done with frame 933
Done with frame 934
Done with frame 935
Done with frame 936
Done with frame 937
Done with frame 938
Done with frame 939
Done with frame 940
Done with frame 941
Done with frame 942
Done with frame 943
Done with frame 944
Done with frame 945
Done with frame 946
Done with frame 947
Done with frame 948
Done with frame 949
Done with frame 950
Done with frame 951
Done with frame 952
Done with frame 953
Done with frame 954
Done with frame 955
Done with frame 956
Done with frame 957
Done with frame 958
Done with frame 959
Done with frame 960
Done with frame 961
Done with frame 962
Done with frame 963
Done with frame 964
Done with frame 965
Done with frame 966
Done with frame 967
Done with frame 968
Done with frame 969
Done with frame 970
Done with frame 971
Done with frame 972
Done with frame 973
Done with frame 974
Done with frame 975
Done with frame 976
Done with frame 977
Done with frame 978
Done with frame 979
Done with frame 980
Done with frame 981
Done with frame 982
Done with frame 983
Done with frame 984
Done with frame 985
Done with frame 986
Done with frame 987
Done with frame 988
Done with frame 989
Done with frame 990
Done with frame 991
Done with frame 992
Done with frame 993
Done with frame 994
Done with frame 995
Done with frame 996
Done with frame 997
Done with frame 998
Done with frame 999
Done with frame 1000
Done with frame 1001
Done with frame 1002
Done with frame 1003
Done with frame 1004
Done with frame 1005
Done with frame 1006
Done with frame 1007
Done with frame 1008
Done with frame 1009
Done with frame 1010
Done with frame 1011
Done with frame 1012
Done with frame 1013
Done with frame 1014
Done with frame 1015
Done with frame 1016
Done with frame 1017
Done with frame 1018
Done with frame 1019
Done with frame 1020
Done with frame 1021
Done with frame 1022
Done with frame 1023
Done with frame 1024
Done with frame 1025
Done with frame 1026
Done with frame 1027
Done with frame 1028
Done with frame 1029
Done with frame 1030
Done with frame 1031
Done with frame 1032
Done with frame 1033
Done with frame 1034
Done with frame 1035
Done with frame 1036
Done with frame 1037
Done with frame 1038
Done with frame 1039
Done with frame 1040
Done with frame 1041
Done with frame 1042
Done with frame 1043
Done with frame 1044
Done with frame 1045
Done with frame 1046
Done with frame 1047
Done with frame 1048
Done with frame 1049
Done with frame 1050
Done with frame 1051
Done with frame 1052
Done with frame 1053
Done with frame 1054
Done with frame 1055
Done with frame 1056
Done with frame 1057
Done with frame 1058
Done with frame 1059
Done with frame 1060
Done with frame 1061
Done with frame 1062
Done with frame 1063
Done with frame 1064
Done with frame 1065
Done with frame 1066
Done with frame 1067
Done with frame 1068
Done with frame 1069
Done with frame 1070
Done with frame 1071
Done with frame 1072
Done with frame 1073
Done with frame 1074
Done with frame 1075
Done with frame 1076
Done with frame 1077
Done with frame 1078
Done with frame 1079
Done with frame 1080
Done with frame 1081
Done with frame 1082
Done with frame 1083
Done with frame 1084
Done with frame 1085
Done with frame 1086
Done with frame 1087
Done with frame 1088
Done with frame 1089
Done with frame 1090
Done with frame 1091
Done with frame 1092
Done with frame 1093
Done with frame 1094
Done with frame 1095
Done with frame 1096
Done with frame 1097
Done with frame 1098
Done with frame 1099
Done with frame 1100
Done with frame 1101
Done with frame 1102
Done with frame 1103
Done with frame 1104
Done with frame 1105
Done with frame 1106
Done with frame 1107
Done with frame 1108
Done with frame 1109
Done with frame 1110
Done with frame 1111
Done with frame 1112
Done with frame 1113
Done with frame 1114
Done with frame 1115
Done with frame 1116
Done with frame 1117
Done with frame 1118
Done with frame 1119
Done with frame 1120
Done with frame 1121
Done with frame 1122
Done with frame 1123
Done with frame 1124
Done with frame 1125
Done with frame 1126
Done with frame 1127
Done with frame 1128
Done with frame 1129
Done with frame 1130
Done with frame 1131
Done with frame 1132
Done with frame 1133
Done with frame 1134
Done with frame 1135
Done with frame 1136
Done with frame 1137
Done with frame 1138
Done with frame 1139
Done with frame 1140
Done with frame 1141
Done with frame 1142
Done with frame 1143
Done with frame 1144
Done with frame 1145
Done with frame 1146
Done with frame 1147
Done with frame 1148
Done with frame 1149
Done with frame 1150
Done with frame 1151
Done with frame 1152
Done with frame 1153
Done with frame 1154
Done with frame 1155
Done with frame 1156
Done with frame 1157
Done with frame 1158
Done with frame 1159
Done with frame 1160
Done with frame 1161
Done with frame 1162
Done with frame 1163
Done with frame 1164
Done with frame 1165
Done with frame 1166
Done with frame 1167
Done with frame 1168
Done with frame 1169
Done with frame 1170
Done with frame 1171
Done with frame 1172
Done with frame 1173
Done with frame 1174
Done with frame 1175
Done with frame 1176
Done with frame 1177
Done with frame 1178
Done with frame 1179
Done with frame 1180
Done with frame 1181
Done with frame 1182
Done with frame 1183
Done with frame 1184
Done with frame 1185
Done with frame 1186
Done with frame 1187
Done with frame 1188
Done with frame 1189
Done with frame 1190
Done with frame 1191
Done with frame 1192
Done with frame 1193
Done with frame 1194
Done with frame 1195
Done with frame 1196
Done with frame 1197
Done with frame 1198
Done with frame 1199
Done with frame 1200
Done with frame 1201
Done with frame 1202
Done with frame 1203
Done with frame 1204
Done with frame 1205
Done with frame 1206
Done with frame 1207
Done with frame 1208
Done with frame 1209
Done with frame 1210
Done with frame 1211
Done with frame 1212
Done with frame 1213
Done with frame 1214
Done with frame 1215
Done with frame 1216
Done with frame 1217
Done with frame 1218
Done with frame 1219
Done with frame 1220
Done with frame 1221
Done with frame 1222
Done with frame 1223
Done with frame 1224
Done with frame 1225
Done with frame 1226
Done with frame 1227
Done with frame 1228
Done with frame 1229
Done with frame 1230
Done with frame 1231
Done with frame 1232
Done with frame 1233
Done with frame 1234
Done with frame 1235
Done with frame 1236
Done with frame 1237
Done with frame 1238
Done with frame 1239
Done with frame 1240
Done with frame 1241
Done with frame 1242
Done with frame 1243
Done with frame 1244
Done with frame 1245
Done with frame 1246
Done with frame 1247
Done with frame 1248
Done with frame 1249
Done with frame 1250
Done with frame 1251
Done with frame 1252
Done with frame 1253
Done with frame 1254
Done with frame 1255
Done with frame 1256
Done with frame 1257
Done with frame 1258
Done with frame 1259
Done with frame 1260
Done with frame 1261
Done with frame 1262
Done with frame 1263
Done with frame 1264
Done with frame 1265
Done with frame 1266
Done with frame 1267
Done with frame 1268
Done with frame 1269
Done with frame 1270
Done with frame 1271
Done with frame 1272
Done with frame 1273
Done with frame 1274
Done with frame 1275
Done with frame 1276
Done with frame 1277
Done with frame 1278
Done with frame 1279
Done with frame 1280
Done with frame 1281
Done with frame 1282
Done with frame 1283
Done with frame 1284
Done with frame 1285
Done with frame 1286
Done with frame 1287
Done with frame 1288
Done with frame 1289
Done with frame 1290
Done with frame 1291
Done with frame 1292
Done with frame 1293
Done with frame 1294
Done with frame 1295
Done with frame 1296
Done with frame 1297
Done with frame 1298
Done with frame 1299
Done with frame 1300
Done with frame 1301
Done with frame 1302
Done with frame 1303
Done with frame 1304
Done with frame 1305
Done with frame 1306
Done with frame 1307
Done with frame 1308
Done with frame 1309
Done with frame 1310
Done with frame 1311
Done with frame 1312
Done with frame 1313
Done with frame 1314
Done with frame 1315
Done with frame 1316
Done with frame 1317
Done with frame 1318
Done with frame 1319
Done with frame 1320
Done with frame 1321
Done with frame 1322
Done with frame 1323
Done with frame 1324
Done with frame 1325
Done with frame 1326
Done with frame 1327
Done with frame 1328
Done with frame 1329
Done with frame 1330
Done with frame 1331
Done with frame 1332
Done with frame 1333
Done with frame 1334
Done with frame 1335
Done with frame 1336
Done with frame 1337
Done with frame 1338
Done with frame 1339
Done with frame 1340
Done with frame 1341
Done with frame 1342
Done with frame 1343
Done with frame 1344
Done with frame 1345
Done with frame 1346
Done with frame 1347
Done with frame 1348
Done with frame 1349
Done with frame 1350
Done with frame 1351
Done with frame 1352
Done with frame 1353
Done with frame 1354
Done with frame 1355
Done with frame 1356
Done with frame 1357
Done with frame 1358
Done with frame 1359
Done with frame 1360
Done with frame 1361
Done with frame 1362
Done with frame 1363
Done with frame 1364
Done with frame 1365
Done with frame 1366
Done with frame 1367
Done with frame 1368
Done with frame 1369
Done with frame 1370
Done with frame 1371
Done with frame 1372
Done with frame 1373
Done with frame 1374
Done with frame 1375
Done with frame 1376
Done with frame 1377
Done with frame 1378
Done with frame 1379
Done with frame 1380
Done with frame 1381
Done with frame 1382
Done with frame 1383
Done with frame 1384
Done with frame 1385
Done with frame 1386
Done with frame 1387
Done with frame 1388
Done with frame 1389
Done with frame 1390
Done with frame 1391
Done with frame 1392
Done with frame 1393
Done with frame 1394
Done with frame 1395
Done with frame 1396
Done with frame 1397
Done with frame 1398
Done with frame 1399
Done with frame 1400
Done with frame 1401
Done with frame 1402
Done with frame 1403
Done with frame 1404
Done with frame 1405
Done with frame 1406
Done with frame 1407
Done with frame 1408
Done with frame 1409
Done with frame 1410
Done with frame 1411
Done with frame 1412
Done with frame 1413
Done with frame 1414
Done with frame 1415
Done with frame 1416
Done with frame 1417
Done with frame 1418
Done with frame 1419
Done with frame 1420
Done with frame 1421
Done with frame 1422
Done with frame 1423
Done with frame 1424
Done with frame 1425
Done with frame 1426
Done with frame 1427
Done with frame 1428
Done with frame 1429
Done with frame 1430
Done with frame 1431
Done with frame 1432
Done with frame 1433
Done with frame 1434
Done with frame 1435
Done with frame 1436
Done with frame 1437
Done with frame 1438
Done with frame 1439
Done with frame 1440
Done with frame 1441
Done with frame 1442
Done with frame 1443
Done with frame 1444
Done with frame 1445
Done with frame 1446
Done with frame 1447
Done with frame 1448
Done with frame 1449
Done with frame 1450
Done with frame 1451
Done with frame 1452
Done with frame 1453
Done with frame 1454
Done with frame 1455
Done with frame 1456
Done with frame 1457
Done with frame 1458
Done with frame 1459
Done with frame 1460
Done with frame 1461
Done with frame 1462
Done with frame 1463
Done with frame 1464
Done with frame 1465
Done with frame 1466
Done with frame 1467
Done with frame 1468
Done with frame 1469
Done with frame 1470
Done with frame 1471
Done with frame 1472
Done with frame 1473
Done with frame 1474
Done with frame 1475
Done with frame 1476
Done with frame 1477
Done with frame 1478
Done with frame 1479
Done with frame 1480
Done with frame 1481
Done with frame 1482
Done with frame 1483
Done with frame 1484
Done with frame 1485
Done with frame 1486
Done with frame 1487
Done with frame 1488
Done with frame 1489
Done with frame 1490
Done with frame 1491
Done with frame 1492
Done with frame 1493
Done with frame 1494
Done with frame 1495
Done with frame 1496
Done with frame 1497
Done with frame 1498
Done with frame 1499
Done with frame 1500
Done with frame 1501
Done with frame 1502
Done with frame 1503
Done with frame 1504
Done with frame 1505
Done with frame 1506
Done with frame 1507
Done with frame 1508
Done with frame 1509
Done with frame 1510
Done with frame 1511
Done with frame 1512
Done with frame 1513
Done with frame 1514
Done with frame 1515
Done with frame 1516
Done with frame 1517
Done with frame 1518
Done with frame 1519
Done with frame 1520
Done with frame 1521
Done with frame 1522
Done with frame 1523
Done with frame 1524
Done with frame 1525
Done with frame 1526
Done with frame 1527
Done with frame 1528
Done with frame 1529
Done with frame 1530
Done with frame 1531
Done with frame 1532
Done with frame 1533
Done with frame 1534
Done with frame 1535
Done with frame 1536
Done with frame 1537
Done with frame 1538
Done with frame 1539
Done with frame 1540
Done with frame 1541
Done with frame 1542
Done with frame 1543
Done with frame 1544
Done with frame 1545
Done with frame 1546
Done with frame 1547
Done with frame 1548
Done with frame 1549
Done with frame 1550
Done with frame 1551
Done with frame 1552
Done with frame 1553
Done with frame 1554
Done with frame 1555
Done with frame 1556
Done with frame 1557
Done with frame 1558
Done with frame 1559
Done with frame 1560
Done with frame 1561
Done with frame 1562
Done with frame 1563
Done with frame 1564
Done with frame 1565
Done with frame 1566
Done with frame 1567
Done with frame 1568
Done with frame 1569
Done with frame 1570
Done with frame 1571
Done with frame 1572
Done with frame 1573
Done with frame 1574
Done with frame 1575
Done with frame 1576
Done with frame 1577
Done with frame 1578
Done with frame 1579
Done with frame 1580
Done with frame 1581
Done with frame 1582
Done with frame 1583
Done with frame 1584
Done with frame 1585
Done with frame 1586
Done with frame 1587
Done with frame 1588
Done with frame 1589
Done with frame 1590
Done with frame 1591
Done with frame 1592
Done with frame 1593
Done with frame 1594
Done with frame 1595
Done with frame 1596
Done with frame 1597
Done with frame 1598
Done with frame 1599
Done with frame 1600
Done with frame 1601
Done with frame 1602
Done with frame 1603
Done with frame 1604
Done with frame 1605
Done with frame 1606
Done with frame 1607
Done with frame 1608
Done with frame 1609
Done with frame 1610
Done with frame 1611
Done with frame 1612
Done with frame 1613
Done with frame 1614
Done with frame 1615
Done with frame 1616
Done with frame 1617
Done with frame 1618
Done with frame 1619
Done with frame 1620
Done with frame 1621
Done with frame 1622
Done with frame 1623
Done with frame 1624
Done with frame 1625
Done with frame 1626
Done with frame 1627
Done with frame 1628
Done with frame 1629
Done with frame 1630
Done with frame 1631
Done with frame 1632
Done with frame 1633
Done with frame 1634
Done with frame 1635
Done with frame 1636
Done with frame 1637
Done with frame 1638
Done with frame 1639
Done with frame 1640
Done with frame 1641
Done with frame 1642
Done with frame 1643
Done with frame 1644
Done with frame 1645
Done with frame 1646
Done with frame 1647
Done with frame 1648
Done with frame 1649
Done with frame 1650
Done with frame 1651
Done with frame 1652
Done with frame 1653
Done with frame 1654
Done with frame 1655
Done with frame 1656
Done with frame 1657
Done with frame 1658
Done with frame 1659
Done with frame 1660
Done with frame 1661
Done with frame 1662
Done with frame 1663
Done with frame 1664
Done with frame 1665
Done with frame 1666
Done with frame 1667
Done with frame 1668
Done with frame 1669
Done with frame 1670
Done with frame 1671
Done with frame 1672
Done with frame 1673
Done with frame 1674
Done with frame 1675
Done with frame 1676
Done with frame 1677
Done with frame 1678
Done with frame 1679
Done with frame 1680
Done with frame 1681
Done with frame 1682
Done with frame 1683
Done with frame 1684
Done with frame 1685
Done with frame 1686
Done with frame 1687
Done with frame 1688
Done with frame 1689
Done with frame 1690
Done with frame 1691
Done with frame 1692
Done with frame 1693
Done with frame 1694
Done with frame 1695
Done with frame 1696
Done with frame 1697
Done with frame 1698
Done with frame 1699
Done with frame 1700
Done with frame 1701
Done with frame 1702
Done with frame 1703
Done with frame 1704
Done with frame 1705
Done with frame 1706
Done with frame 1707
Done with frame 1708
Done with frame 1709
Done with frame 1710
Done with frame 1711
Done with frame 1712
Done with frame 1713
Done with frame 1714
Done with frame 1715
Done with frame 1716
Done with frame 1717
Done with frame 1718
Done with frame 1719
Done with frame 1720
Done with frame 1721
Done with frame 1722
Done with frame 1723
Done with frame 1724
Done with frame 1725
Done with frame 1726
Done with frame 1727
Done with frame 1728
Done with frame 1729
Done with frame 1730
Done with frame 1731
Done with frame 1732
Done with frame 1733
Done with frame 1734
Done with frame 1735
Done with frame 1736
Done with frame 1737
Done with frame 1738
Done with frame 1739
Done with frame 1740
Done with frame 1741
Done with frame 1742
Done with frame 1743
Done with frame 1744
Done with frame 1745
Done with frame 1746
Done with frame 1747
Done with frame 1748
Done with frame 1749
Done with frame 1750
Done with frame 1751
Done with frame 1752
Done with frame 1753
Done with frame 1754
Done with frame 1755
Done with frame 1756
Done with frame 1757
Done with frame 1758
Done with frame 1759
Done with frame 1760
Done with frame 1761
Done with frame 1762
Done with frame 1763
Done with frame 1764
Done with frame 1765
Done with frame 1766
Done with frame 1767
Done with frame 1768
Done with frame 1769
Done with frame 1770
Done with frame 1771
Done with frame 1772
Done with frame 1773
Done with frame 1774
Done with frame 1775
Done with frame 1776
Done with frame 1777
Done with frame 1778
Done with frame 1779
Done with frame 1780
Done with frame 1781
Done with frame 1782
Done with frame 1783
Done with frame 1784
Done with frame 1785
Done with frame 1786
Done with frame 1787
Done with frame 1788
Done with frame 1789
Done with frame 1790
Done with frame 1791
Done with frame 1792
Done with frame 1793
Done with frame 1794
Done with frame 1795
Done with frame 1796
Done with frame 1797
Done with frame 1798
Done with frame 1799
Done with frame 1800
Done with frame 1801
Done with frame 1802
Done with frame 1803
Done with frame 1804
Done with frame 1805
Done with frame 1806
Done with frame 1807
Done with frame 1808
Done with frame 1809
Done with frame 1810
Done with frame 1811
Done with frame 1812
Done with frame 1813
Done with frame 1814
Done with frame 1815
Done with frame 1816
Done with frame 1817
Done with frame 1818
Done with frame 1819
Done with frame 1820
Done with frame 1821
Done with frame 1822
Done with frame 1823
Done with frame 1824
Done with frame 1825
Done with frame 1826
Done with frame 1827
Done with frame 1828
Done with frame 1829
Done with frame 1830
Done with frame 1831
Done with frame 1832
Done with frame 1833
Done with frame 1834
Done with frame 1835
Done with frame 1836
Done with frame 1837
Done with frame 1838
Done with frame 1839
Done with frame 1840
Done with frame 1841
Done with frame 1842
Done with frame 1843
Done with frame 1844
Done with frame 1845
Done with frame 1846
Done with frame 1847
Done with frame 1848
Done with frame 1849
Done with frame 1850
Done with frame 1851
Done with frame 1852
Done with frame 1853
Done with frame 1854
Done with frame 1855
Done with frame 1856
Done with frame 1857
Done with frame 1858
Done with frame 1859
Done with frame 1860
Done with frame 1861
Done with frame 1862
Done with frame 1863
Done with frame 1864
Done with frame 1865
Done with frame 1866
Done with frame 1867
Done with frame 1868
Done with frame 1869
Done with frame 1870
Done with frame 1871
Done with frame 1872
Done with frame 1873
Done with frame 1874
Done with frame 1875
Done with frame 1876
Done with frame 1877
Done with frame 1878
Done with frame 1879
Done with frame 1880
Done with frame 1881
Done with frame 1882
Done with frame 1883
Done with frame 1884
Done with frame 1885
Done with frame 1886
Done with frame 1887
Done with frame 1888
Done with frame 1889
Done with frame 1890
Done with frame 1891
Done with frame 1892
Done with frame 1893
Done with frame 1894
Done with frame 1895
Done with frame 1896
Done with frame 1897
Done with frame 1898
Done with frame 1899
Done with frame 1900
Done with frame 1901
Done with frame 1902
Done with frame 1903
Done with frame 1904
Done with frame 1905
Done with frame 1906
Done with frame 1907
Done with frame 1908
Done with frame 1909
Done with frame 1910
Done with frame 1911
Done with frame 1912
Done with frame 1913
Done with frame 1914
Done with frame 1915
Done with frame 1916
Done with frame 1917
Done with frame 1918
Done with frame 1919
Done with frame 1920
Done with frame 1921
Done with frame 1922
Done with frame 1923
Done with frame 1924
Done with frame 1925
Done with frame 1926
Done with frame 1927
Done with frame 1928
Done with frame 1929
Done with frame 1930
Done with frame 1931
Done with frame 1932
Done with frame 1933
Done with frame 1934
Done with frame 1935
Done with frame 1936
Done with frame 1937
Done with frame 1938
Done with frame 1939
Done with frame 1940
Done with frame 1941
Done with frame 1942
Done with frame 1943
Done with frame 1944
Done with frame 1945
Done with frame 1946
Done with frame 1947
Done with frame 1948
Done with frame 1949
Done with frame 1950
Done with frame 1951
Done with frame 1952
Done with frame 1953
Done with frame 1954
Done with frame 1955
Done with frame 1956
Done with frame 1957
Done with frame 1958
Done with frame 1959
Done with frame 1960
Done with frame 1961
Done with frame 1962
Done with frame 1963
Done with frame 1964
Done with frame 1965
Done with frame 1966
Done with frame 1967
Done with frame 1968
Done with frame 1969
Done with frame 1970
Done with frame 1971
Done with frame 1972
Done with frame 1973
Done with frame 1974
Done with frame 1975
Done with frame 1976
Done with frame 1977
Done with frame 1978
Done with frame 1979
Done with frame 1980
Done with frame 1981
Done with frame 1982
Done with frame 1983
Done with frame 1984
Done with frame 1985
Done with frame 1986
Done with frame 1987
Done with frame 1988
Done with frame 1989
Done with frame 1990
Done with frame 1991
Done with frame 1992
Done with frame 1993
Done with frame 1994
Done with frame 1995
Done with frame 1996
Done with frame 1997
Done with frame 1998
Done with frame 1999
Done with frame 2000
Done with frame 2001
Done with frame 2002
Done with frame 2003
Done with frame 2004
Done with frame 2005
Done with frame 2006
Done with frame 2007
Done with frame 2008
Done with frame 2009
Done with frame 2010
Done with frame 2011
Done with frame 2012
Done with frame 2013
Done with frame 2014
Done with frame 2015
Done with frame 2016
Done with frame 2017
Done with frame 2018
Done with frame 2019
Done with frame 2020
Done with frame 2021
Done with frame 2022
Done with frame 2023
Done with frame 2024
Done with frame 2025
Done with frame 2026
Done with frame 2027
Done with frame 2028
Done with frame 2029
Done with frame 2030
Done with frame 2031
Done with frame 2032
Done with frame 2033
Done with frame 2034
Done with frame 2035
Done with frame 2036
Done with frame 2037
Done with frame 2038
Done with frame 2039
Done with frame 2040
Done with frame 2041
Done with frame 2042
Done with frame 2043
Done with frame 2044
Done with frame 2045
Done with frame 2046
Done with frame 2047
Done with frame 2048
Done with frame 2049
Done with frame 2050
Done with frame 2051
Done with frame 2052
Done with frame 2053
Done with frame 2054
Done with frame 2055
Done with frame 2056
Done with frame 2057
Done with frame 2058
Done with frame 2059
Done with frame 2060
Done with frame 2061
Done with frame 2062
Done with frame 2063
Done with frame 2064
Done with frame 2065
Done with frame 2066
Done with frame 2067
Done with frame 2068
Done with frame 2069
Done with frame 2070
Done with frame 2071
Done with frame 2072
Done with frame 2073
Done with frame 2074
Done with frame 2075
Done with frame 2076
Done with frame 2077
Done with frame 2078
Done with frame 2079
Done with frame 2080
Done with frame 2081
Done with frame 2082
Done with frame 2083
Done with frame 2084
Done with frame 2085
Done with frame 2086
Done with frame 2087
Done with frame 2088
Done with frame 2089
Done with frame 2090
Done with frame 2091
Done with frame 2092
Done with frame 2093
Done with frame 2094
Done with frame 2095
Done with frame 2096
Done with frame 2097
Done with frame 2098
Done with frame 2099
Done with frame 2100
Done with frame 2101
Done with frame 2102
Done with frame 2103
Done with frame 2104
Done with frame 2105
Done with frame 2106
Done with frame 2107
Done with frame 2108
Done with frame 2109
Done with frame 2110
Done with frame 2111
Done with frame 2112
Done with frame 2113
Done with frame 2114
Done with frame 2115
Done with frame 2116
Done with frame 2117
Done with frame 2118
Done with frame 2119
Done with frame 2120
Done with frame 2121
Done with frame 2122
Done with frame 2123
Done with frame 2124
Done with frame 2125
Done with frame 2126
Done with frame 2127
Done with frame 2128
Done with frame 2129
Done with frame 2130
Done with frame 2131
Done with frame 2132
Done with frame 2133
Done with frame 2134
Done with frame 2135
Done with frame 2136
Done with frame 2137
Done with frame 2138
Done with frame 2139
Done with frame 2140
Done with frame 2141
Done with frame 2142
Done with frame 2143
Done with frame 2144
Done with frame 2145
Done with frame 2146
Done with frame 2147
Done with frame 2148
Done with frame 2149
Done with frame 2150
Done with frame 2151
Done with frame 2152
Done with frame 2153
Done with frame 2154
Done with frame 2155
Done with frame 2156
Done with frame 2157
Done with frame 2158
Done with frame 2159
Done with frame 2160
Done with frame 2161
Done with frame 2162
Done with frame 2163
Done with frame 2164
Done with frame 2165
Done with frame 2166
Done with frame 2167
Done with frame 2168
Done with frame 2169
Done with frame 2170
Done with frame 2171
Done with frame 2172
Done with frame 2173
Done with frame 2174
Done with frame 2175
Done with frame 2176
Done with frame 2177
Done with frame 2178
Done with frame 2179
Done with frame 2180
Done with frame 2181
Done with frame 2182
Done with frame 2183
Done with frame 2184
Done with frame 2185
Done with frame 2186
Done with frame 2187
Done with frame 2188
Done with frame 2189
Done with frame 2190
Done with frame 2191
Done with frame 2192
Done with frame 2193
Done with frame 2194
Done with frame 2195
Done with frame 2196
Done with frame 2197
Done with frame 2198
Done with frame 2199
Done with frame 2200
Done with frame 2201
Done with frame 2202
Done with frame 2203
Done with frame 2204
Done with frame 2205
Done with frame 2206
Done with frame 2207
Done with frame 2208
Done with frame 2209
Done with frame 2210
Done with frame 2211
Done with frame 2212
Done with frame 2213
Done with frame 2214
Done with frame 2215
Done with frame 2216
Done with frame 2217
Done with frame 2218
Done with frame 2219
Done with frame 2220
Done with frame 2221
Done with frame 2222
Done with frame 2223
Done with frame 2224
Done with frame 2225
Done with frame 2226
Done with frame 2227
Done with frame 2228
Done with frame 2229
Done with frame 2230
Done with frame 2231
Done with frame 2232
Done with frame 2233
Done with frame 2234
Done with frame 2235
Done with frame 2236
Done with frame 2237
Done with frame 2238
Done with frame 2239
Done with frame 2240
Done with frame 2241
Done with frame 2242
Done with frame 2243
Done with frame 2244
Done with frame 2245
Done with frame 2246
Done with frame 2247
Done with frame 2248
Done with frame 2249
Done with frame 2250
Done with frame 2251
Done with frame 2252
Done with frame 2253
Done with frame 2254
Done with frame 2255
Done with frame 2256
Done with frame 2257
Done with frame 2258
Done with frame 2259
Done with frame 2260
Done with frame 2261
Done with frame 2262
Done with frame 2263
Done with frame 2264
Done with frame 2265
Done with frame 2266
Done with frame 2267
Done with frame 2268
Done with frame 2269
Done with frame 2270
Done with frame 2271
Done with frame 2272
Done with frame 2273
Done with frame 2274
Done with frame 2275
Done with frame 2276
Done with frame 2277
Done with frame 2278
Done with frame 2279
Done with frame 2280
Done with frame 2281
Done with frame 2282
Done with frame 2283
Done with frame 2284
Done with frame 2285
Done with frame 2286
Done with frame 2287
Done with frame 2288
Done with frame 2289
Done with frame 2290
Done with frame 2291
Done with frame 2292
Done with frame 2293
Done with frame 2294
Done with frame 2295
Done with frame 2296
Done with frame 2297
Done with frame 2298
Done with frame 2299
Done with frame 2300
Done with frame 2301
Done with frame 2302
Done with frame 2303
Done with frame 2304
Done with frame 2305
Done with frame 2306
Done with frame 2307
Done with frame 2308
Done with frame 2309
Done with frame 2310
Done with frame 2311
Done with frame 2312
Done with frame 2313
Done with frame 2314
Done with frame 2315
Done with frame 2316
Done with frame 2317
Done with frame 2318
Done with frame 2319
Done with frame 2320
Done with frame 2321
Done with frame 2322
Done with frame 2323
Done with frame 2324
Done with frame 2325
Done with frame 2326
Done with frame 2327
Done with frame 2328
Done with frame 2329
Done with frame 2330
Done with frame 2331
Done with frame 2332
Done with frame 2333
Done with frame 2334
Done with frame 2335
Done with frame 2336
Done with frame 2337
Done with frame 2338
Done with frame 2339
Done with frame 2340
Done with frame 2341
Done with frame 2342
Done with frame 2343
Done with frame 2344
Done with frame 2345
Done with frame 2346
Done with frame 2347
Done with frame 2348
Done with frame 2349
Done with frame 2350
Done with frame 2351
Done with frame 2352
Done with frame 2353
Done with frame 2354
Done with frame 2355
Done with frame 2356
Done with frame 2357
Done with frame 2358
Done with frame 2359
Done with frame 2360
Done with frame 2361
Done with frame 2362
Done with frame 2363
Done with frame 2364
Done with frame 2365
Done with frame 2366
Done with frame 2367
Done with frame 2368
Done with frame 2369
Done with frame 2370
Done with frame 2371
Done with frame 2372
Done with frame 2373
Done with frame 2374
Done with frame 2375
Done with frame 2376
Done with frame 2377
Done with frame 2378
Done with frame 2379
Done with frame 2380
Done with frame 2381
Done with frame 2382
Done with frame 2383
Done with frame 2384
Done with frame 2385
Done with frame 2386
Done with frame 2387
Done with frame 2388
Done with frame 2389
Done with frame 2390
Done with frame 2391
Done with frame 2392
Done with frame 2393
Done with frame 2394
Done with frame 2395
Done with frame 2396
Done with frame 2397
Done with frame 2398
Done with frame 2399
Done with frame 2400
Done with frame 2401
Done with frame 2402
Done with frame 2403
Done with frame 2404
Done with frame 2405
Done with frame 2406
Done with frame 2407
Done with frame 2408
Done with frame 2409
Done with frame 2410
Done with frame 2411
Done with frame 2412
Done with frame 2413
Done with frame 2414
Done with frame 2415
Done with frame 2416
Done with frame 2417
Done with frame 2418
Done with frame 2419
Done with frame 2420
Done with frame 2421
Done with frame 2422
Done with frame 2423
Done with frame 2424
Done with frame 2425
Done with frame 2426
Done with frame 2427
Done with frame 2428
Done with frame 2429
Done with frame 2430
Done with frame 2431
Done with frame 2432
Done with frame 2433
Done with frame 2434
Done with frame 2435
Done with frame 2436
Done with frame 2437
Done with frame 2438
Done with frame 2439
Done with frame 2440
Done with frame 2441
Done with frame 2442
Done with frame 2443
Done with frame 2444
Done with frame 2445
Done with frame 2446
Done with frame 2447
Done with frame 2448
Done with frame 2449
Done with frame 2450
Done with frame 2451
Done with frame 2452
Done with frame 2453
Done with frame 2454
Done with frame 2455
Done with frame 2456
Done with frame 2457
Done with frame 2458
Done with frame 2459
Done with frame 2460
Done with frame 2461
Done with frame 2462
Done with frame 2463
Done with frame 2464
Done with frame 2465
Done with frame 2466
Done with frame 2467
Done with frame 2468
Done with frame 2469
Done with frame 2470
Done with frame 2471
Done with frame 2472
Done with frame 2473
Done with frame 2474
Done with frame 2475
Done with frame 2476
Done with frame 2477
Done with frame 2478
Done with frame 2479
Done with frame 2480
Done with frame 2481
Done with frame 2482
Done with frame 2483
Done with frame 2484
Done with frame 2485
Done with frame 2486
Done with frame 2487
Done with frame 2488
Done with frame 2489
Done with frame 2490
Done with frame 2491
Done with frame 2492
Done with frame 2493
Done with frame 2494
Done with frame 2495
Done with frame 2496
Done with frame 2497
Done with frame 2498
Done with frame 2499
Done with frame 2500
Done with frame 2501
Done with frame 2502
Done with frame 2503
Done with frame 2504
Done with frame 2505
Done with frame 2506
Done with frame 2507
Done with frame 2508
Done with frame 2509
Done with frame 2510
Done with frame 2511
Done with frame 2512
Done with frame 2513
Done with frame 2514
Done with frame 2515
Done with frame 2516
Done with frame 2517
Done with frame 2518
Done with frame 2519
Done with frame 2520
Done with frame 2521
Done with frame 2522
Done with frame 2523
Done with frame 2524
Done with frame 2525
Done with frame 2526
Done with frame 2527
Done with frame 2528
Done with frame 2529
Done with frame 2530
Done with frame 2531
Done with frame 2532
Done with frame 2533
Done with frame 2534
Done with frame 2535
Done with frame 2536
Done with frame 2537
Done with frame 2538
Done with frame 2539
Done with frame 2540
Done with frame 2541
Done with frame 2542
Done with frame 2543
Done with frame 2544
Done with frame 2545
Done with frame 2546
Done with frame 2547
Done with frame 2548
Done with frame 2549
Done with frame 2550
Done with frame 2551
Done with frame 2552
Done with frame 2553
Done with frame 2554
Done with frame 2555
Done with frame 2556
Done with frame 2557
Done with frame 2558
Done with frame 2559
Done with frame 2560
Done with frame 2561
Done with frame 2562
Done with frame 2563
Done with frame 2564
Done with frame 2565
Done with frame 2566
Done with frame 2567
Done with frame 2568
Done with frame 2569
Done with frame 2570
Done with frame 2571
Done with frame 2572
Done with frame 2573
Done with frame 2574
Done with frame 2575
Done with frame 2576
Done with frame 2577
Done with frame 2578
Done with frame 2579
Done with frame 2580
Done with frame 2581
Done with frame 2582
Done with frame 2583
Done with frame 2584
Done with frame 2585
Done with frame 2586
Done with frame 2587
Done with frame 2588
Done with frame 2589
Done with frame 2590
Done with frame 2591
Done with frame 2592
Done with frame 2593
Done with frame 2594
Done with frame 2595
Done with frame 2596
Done with frame 2597
Done with frame 2598
Done with frame 2599
Done with frame 2600
Done with frame 2601
Done with frame 2602
Done with frame 2603
Done with frame 2604
Done with frame 2605
Done with frame 2606
Done with frame 2607
Done with frame 2608
Done with frame 2609
Done with frame 2610
Done with frame 2611
Done with frame 2612
Done with frame 2613
Done with frame 2614
Done with frame 2615
Done with frame 2616
Done with frame 2617
Done with frame 2618
Done with frame 2619
Done with frame 2620
Done with frame 2621
Done with frame 2622
Done with frame 2623
Done with frame 2624
Done with frame 2625
Done with frame 2626
Done with frame 2627
Done with frame 2628
Done with frame 2629
Done with frame 2630
Done with frame 2631
Done with frame 2632
Done with frame 2633
Done with frame 2634
Done with frame 2635
Done with frame 2636
Done with frame 2637
Done with frame 2638
Done with frame 2639
Done with frame 2640
Done with frame 2641
Done with frame 2642
Done with frame 2643
Done with frame 2644
Done with frame 2645
Done with frame 2646
Done with frame 2647
Done with frame 2648
Done with frame 2649
Done with frame 2650
Done with frame 2651
Done with frame 2652
Done with frame 2653
Done with frame 2654
Done with frame 2655
Done with frame 2656
Done with frame 2657
Done with frame 2658
Done with frame 2659
Done with frame 2660
Done with frame 2661
Done with frame 2662
Done with frame 2663
Done with frame 2664
Done with frame 2665
Done with frame 2666
Done with frame 2667
Done with frame 2668
Done with frame 2669
Done with frame 2670
Done with frame 2671
Done with frame 2672
Done with frame 2673
Done with frame 2674
Done with frame 2675
Done with frame 2676
Done with frame 2677
Done with frame 2678
Done with frame 2679
Done with frame 2680
Done with frame 2681
Done with frame 2682
Done with frame 2683
Done with frame 2684
Done with frame 2685
Done with frame 2686
Done with frame 2687
Done with frame 2688
Done with frame 2689
Done with frame 2690
Done with frame 2691
Done with frame 2692
Done with frame 2693
Done with frame 2694
Done with frame 2695
Done with frame 2696
Done with frame 2697
Done with frame 2698
Done with frame 2699
Done with frame 2700
Done with frame 2701
Done with frame 2702
Done with frame 2703
Done with frame 2704
Done with frame 2705
Done with frame 2706
Done with frame 2707
Done with frame 2708
Done with frame 2709
Done with frame 2710
Done with frame 2711
Done with frame 2712
Done with frame 2713
Done with frame 2714
Done with frame 2715
Done with frame 2716
Done with frame 2717
Done with frame 2718
Done with frame 2719
Done with frame 2720
Done with frame 2721
Done with frame 2722
Done with frame 2723
Done with frame 2724
Done with frame 2725
Done with frame 2726
Done with frame 2727
Done with frame 2728
Done with frame 2729
Done with frame 2730
Done with frame 2731
Done with frame 2732
Done with frame 2733
Done with frame 2734
Done with frame 2735
Done with frame 2736
Done with frame 2737
Done with frame 2738
Done with frame 2739
Done with frame 2740
Done with frame 2741
Done with frame 2742
Done with frame 2743
Done with frame 2744
Done with frame 2745
Done with frame 2746
Done with frame 2747
Done with frame 2748
Done with frame 2749
Done with frame 2750
Done with frame 2751
Done with frame 2752
Done with frame 2753
Done with frame 2754
Done with frame 2755
Done with frame 2756
Done with frame 2757
Done with frame 2758
Done with frame 2759
Done with frame 2760
Done with frame 2761
Done with frame 2762
Done with frame 2763
Done with frame 2764
Done with frame 2765
Done with frame 2766
Done with frame 2767
Done with frame 2768
Done with frame 2769
Done with frame 2770
Done with frame 2771
Done with frame 2772
Done with frame 2773
Done with frame 2774
Done with frame 2775
Done with frame 2776
Done with frame 2777
Done with frame 2778
Done with frame 2779
Done with frame 2780
Done with frame 2781
Done with frame 2782
Done with frame 2783
Done with frame 2784
Done with frame 2785
Done with frame 2786
Done with frame 2787
Done with frame 2788
Done with frame 2789
Done with frame 2790
Done with frame 2791
Done with frame 2792
Done with frame 2793
Done with frame 2794
Done with frame 2795
Done with frame 2796
Done with frame 2797
Done with frame 2798
Done with frame 2799
Done with frame 2800
Done with frame 2801
Done with frame 2802
Done with frame 2803
Done with frame 2804
Done with frame 2805
Done with frame 2806
Done with frame 2807
Done with frame 2808
Done with frame 2809
Done with frame 2810
Done with frame 2811
Done with frame 2812
Done with frame 2813
Done with frame 2814
Done with frame 2815
Done with frame 2816
Done with frame 2817
Done with frame 2818
Done with frame 2819
Done with frame 2820
Done with frame 2821
Done with frame 2822
Done with frame 2823
Done with frame 2824
Done with frame 2825
Done with frame 2826
Done with frame 2827
Done with frame 2828
Done with frame 2829
Done with frame 2830
Done with frame 2831
Done with frame 2832
Done with frame 2833
Done with frame 2834
Done with frame 2835
Done with frame 2836
Done with frame 2837
Done with frame 2838
Done with frame 2839
Done with frame 2840
Done with frame 2841
Done with frame 2842
Done with frame 2843
Done with frame 2844
Done with frame 2845
Done with frame 2846
Done with frame 2847
Done with frame 2848
Done with frame 2849
Done with frame 2850
Done with frame 2851
Done with frame 2852
Done with frame 2853
Done with frame 2854
Done with frame 2855
Done with frame 2856
Done with frame 2857
Done with frame 2858
Done with frame 2859
Done with frame 2860
Done with frame 2861
Done with frame 2862
Done with frame 2863
Done with frame 2864
Done with frame 2865
Done with frame 2866
Done with frame 2867
Done with frame 2868
Done with frame 2869
Done with frame 2870
Done with frame 2871
Done with frame 2872
Done with frame 2873
Done with frame 2874
Done with frame 2875
Done with frame 2876
Done with frame 2877
Done with frame 2878
Done with frame 2879
Done with frame 2880
Done with frame 2881
Done with frame 2882
Done with frame 2883
Done with frame 2884
Done with frame 2885
Done with frame 2886
Done with frame 2887
Done with frame 2888
Done with frame 2889
Done with frame 2890
Done with frame 2891
Done with frame 2892
Done with frame 2893
Done with frame 2894
Done with frame 2895
Done with frame 2896
Done with frame 2897
Done with frame 2898
Done with frame 2899
Done with frame 2900
Done with frame 2901
Done with frame 2902
Done with frame 2903
Done with frame 2904
Done with frame 2905
Done with frame 2906
Done with frame 2907
Done with frame 2908
Done with frame 2909
Done with frame 2910
Done with frame 2911
Done with frame 2912
Done with frame 2913
Done with frame 2914
Done with frame 2915
Done with frame 2916
Done with frame 2917
Done with frame 2918
Done with frame 2919
Done with frame 2920
Done with frame 2921
Done with frame 2922
Done with frame 2923
Done with frame 2924
Done with frame 2925
Done with frame 2926
Done with frame 2927
Done with frame 2928
Done with frame 2929
Done with frame 2930
Done with frame 2931
Done with frame 2932
Done with frame 2933
Done with frame 2934
Done with frame 2935
Done with frame 2936
Done with frame 2937
Done with frame 2938
Done with frame 2939
Done with frame 2940
Done with frame 2941
Done with frame 2942
Done with frame 2943
Done with frame 2944
Done with frame 2945
Done with frame 2946
Done with frame 2947
Done with frame 2948
Done with frame 2949
Done with frame 2950
Done with frame 2951
Done with frame 2952
Done with frame 2953
Done with frame 2954
Done with frame 2955
Done with frame 2956
Done with frame 2957
Done with frame 2958
Done with frame 2959
Done with frame 2960
Done with frame 2961
Done with frame 2962
Done with frame 2963
Done with frame 2964
Done with frame 2965
Done with frame 2966
Done with frame 2967
Done with frame 2968
Done with frame 2969
Done with frame 2970
Done with frame 2971
Done with frame 2972
Done with frame 2973
Done with frame 2974
Done with frame 2975
Done with frame 2976
Done with frame 2977
Done with frame 2978
Done with frame 2979
Done with frame 2980
Done with frame 2981
Done with frame 2982
Done with frame 2983
Done with frame 2984
Done with frame 2985
Done with frame 2986
Done with frame 2987
Done with frame 2988
Done with frame 2989
Done with frame 2990
Done with frame 2991
Done with frame 2992
Done with frame 2993
Done with frame 2994
Done with frame 2995
Done with frame 2996
Done with frame 2997
Done with frame 2998
Done with frame 2999
Done with frame 3000
Done with frame 3001
Done with frame 3002
Done with frame 3003
Done with frame 3004
Done with frame 3005
Done with frame 3006
Done with frame 3007
Done with frame 3008
Done with frame 3009
Done with frame 3010
Done with frame 3011
Done with frame 3012
Done with frame 3013
Done with frame 3014
Done with frame 3015
Done with frame 3016
Done with frame 3017
Done with frame 3018
Done with frame 3019
Done with frame 3020
Done with frame 3021
Done with frame 3022
Done with frame 3023
Done with frame 3024
Done with frame 3025
Done with frame 3026
Done with frame 3027
Done with frame 3028
Done with frame 3029
Done with frame 3030
Done with frame 3031
Done with frame 3032
Done with frame 3033
Done with frame 3034
Done with frame 3035
Done with frame 3036
Done with frame 3037
Done with frame 3038
Done with frame 3039
Done with frame 3040
Done with frame 3041
Done with frame 3042
Done with frame 3043
Done with frame 3044
Done with frame 3045
Done with frame 3046
Done with frame 3047
Done with frame 3048
Done with frame 3049
Done with frame 3050
Done with frame 3051
Done with frame 3052
Done with frame 3053
Done with frame 3054
Done with frame 3055
Done with frame 3056
Done with frame 3057
Done with frame 3058
Done with frame 3059
Done with frame 3060
Done with frame 3061
Done with frame 3062
Done with frame 3063
Done with frame 3064
Done with frame 3065
Done with frame 3066
Done with frame 3067
Done with frame 3068
Done with frame 3069
Done with frame 3070
Done with frame 3071
Done with frame 3072
Done with frame 3073
Done with frame 3074
Done with frame 3075
Done with frame 3076
Done with frame 3077
Done with frame 3078
Done with frame 3079
Done with frame 3080
Done with frame 3081
Done with frame 3082
Done with frame 3083
Done with frame 3084
Done with frame 3085
Done with frame 3086
Done with frame 3087
Done with frame 3088
Done with frame 3089
Done with frame 3090
Done with frame 3091
Done with frame 3092
Done with frame 3093
Done with frame 3094
Done with frame 3095
Done with frame 3096
Done with frame 3097
Done with frame 3098
Done with frame 3099
Done with frame 3100
Done with frame 3101
Done with frame 3102
Done with frame 3103
Done with frame 3104
Done with frame 3105
Done with frame 3106
Done with frame 3107
Done with frame 3108
Done with frame 3109
Done with frame 3110
Done with frame 3111
Done with frame 3112
Done with frame 3113
Done with frame 3114
Done with frame 3115
Done with frame 3116
Done with frame 3117
Done with frame 3118
Done with frame 3119
Done with frame 3120
Done with frame 3121
Done with frame 3122
Done with frame 3123
Done with frame 3124
Done with frame 3125
Done with frame 3126
Done with frame 3127
Done with frame 3128
Done with frame 3129
Done with frame 3130
Done with frame 3131
Done with frame 3132
Done with frame 3133
Done with frame 3134
Done with frame 3135
Done with frame 3136
Done with frame 3137
Done with frame 3138
Done with frame 3139
Done with frame 3140
Done with frame 3141
Done with frame 3142
Done with frame 3143
Done with frame 3144
Done with frame 3145
Done with frame 3146
Done with frame 3147
Done with frame 3148
Done with frame 3149
Done with frame 3150
Done with frame 3151
Done with frame 3152
Done with frame 3153
Done with frame 3154
Done with frame 3155
Done with frame 3156
Done with frame 3157
Done with frame 3158
Done with frame 3159
Done with frame 3160
Done with frame 3161
Done with frame 3162
Done with frame 3163
Done with frame 3164
Done with frame 3165
Done with frame 3166
Done with frame 3167
Done with frame 3168
Done with frame 3169
Done with frame 3170
Done with frame 3171
Done with frame 3172
Done with frame 3173
Done with frame 3174
Done with frame 3175
Done with frame 3176
Done with frame 3177
Done with frame 3178
Done with frame 3179
Done with frame 3180
Done with frame 3181
Done with frame 3182
Done with frame 3183
Done with frame 3184
Done with frame 3185
Done with frame 3186
Done with frame 3187
Done with frame 3188
Done with frame 3189
Done with frame 3190
Done with frame 3191
Done with frame 3192
Done with frame 3193
Done with frame 3194
Done with frame 3195
Done with frame 3196
Done with frame 3197
Done with frame 3198
Done with frame 3199
Done with frame 3200
Done with frame 3201
Done with frame 3202
Done with frame 3203
Done with frame 3204
Done with frame 3205
Done with frame 3206
Done with frame 3207
Done with frame 3208
Done with frame 3209
Done with frame 3210
Done with frame 3211
Done with frame 3212
Done with frame 3213
Done with frame 3214
Done with frame 3215
Done with frame 3216
Done with frame 3217
Done with frame 3218
Done with frame 3219
Done with frame 3220
Done with frame 3221
Done with frame 3222
Done with frame 3223
Done with frame 3224
Done with frame 3225
Done with frame 3226
Done with frame 3227
Done with frame 3228
Done with frame 3229
Done with frame 3230
Done with frame 3231
Done with frame 3232
Done with frame 3233
Done with frame 3234
Done with frame 3235
Done with frame 3236
Done with frame 3237
Done with frame 3238
Done with frame 3239
Done with frame 3240
Done with frame 3241
Done with frame 3242
Done with frame 3243
Done with frame 3244
Done with frame 3245
Done with frame 3246
Done with frame 3247
Done with frame 3248
Done with frame 3249
Done with frame 3250
Done with frame 3251
Done with frame 3252
Done with frame 3253
Done with frame 3254
Done with frame 3255
Done with frame 3256
Done with frame 3257
Done with frame 3258
Done with frame 3259
Done with frame 3260
Done with frame 3261
Done with frame 3262
Done with frame 3263
Done with frame 3264
Done with frame 3265
Done with frame 3266
Done with frame 3267
Done with frame 3268
Done with frame 3269
Done with frame 3270
Done with frame 3271
Done with frame 3272
Done with frame 3273
Done with frame 3274
Done with frame 3275
Done with frame 3276
Done with frame 3277
Done with frame 3278
Done with frame 3279
Done with frame 3280
Done with frame 3281
Done with frame 3282
Done with frame 3283
Done with frame 3284
Done with frame 3285
Done with frame 3286
Done with frame 3287
Done with frame 3288
Done with frame 3289
Done with frame 3290
Done with frame 3291
Done with frame 3292
Done with frame 3293
Done with frame 3294
Done with frame 3295
Done with frame 3296
Done with frame 3297
Done with frame 3298
Done with frame 3299
Done with frame 3300
Done with frame 3301
Done with frame 3302
Done with frame 3303
Done with frame 3304
Done with frame 3305
Done with frame 3306
Done with frame 3307
Done with frame 3308
Done with frame 3309
Done with frame 3310
Done with frame 3311
Done with frame 3312
Done with frame 3313
Done with frame 3314
Done with frame 3315
Done with frame 3316
Done with frame 3317
Done with frame 3318
Done with frame 3319
Done with frame 3320
Done with frame 3321
Done with frame 3322
Done with frame 3323
Done with frame 3324
Done with frame 3325
Done with frame 3326
Done with frame 3327
Done with frame 3328
Done with frame 3329
Done with frame 3330
Done with frame 3331
Done with frame 3332
Done with frame 3333
Done with frame 3334
Done with frame 3335
Done with frame 3336
Done with frame 3337
Done with frame 3338
Done with frame 3339
Done with frame 3340
Done with frame 3341
Done with frame 3342
Done with frame 3343
Done with frame 3344
Done with frame 3345
Done with frame 3346
Done with frame 3347
Done with frame 3348
Done with frame 3349
Done with frame 3350
Done with frame 3351
Done with frame 3352
Done with frame 3353
Done with frame 3354
Done with frame 3355
Done with frame 3356
Done with frame 3357
Done with frame 3358
Done with frame 3359
Done with frame 3360
Done with frame 3361
Done with frame 3362
Done with frame 3363
Done with frame 3364
Done with frame 3365
Done with frame 3366
Done with frame 3367
Done with frame 3368
Done with frame 3369
Done with frame 3370
Done with frame 3371
Done with frame 3372
Done with frame 3373
Done with frame 3374
Done with frame 3375
Done with frame 3376
Done with frame 3377
Done with frame 3378
Done with frame 3379
Done with frame 3380
Done with frame 3381
Done with frame 3382
Done with frame 3383
Done with frame 3384
Done with frame 3385
Done with frame 3386
Done with frame 3387
Done with frame 3388
Done with frame 3389
Done with frame 3390
Done with frame 3391
Done with frame 3392
Done with frame 3393
Done with frame 3394
Done with frame 3395
Done with frame 3396
Done with frame 3397
Done with frame 3398
Done with frame 3399
Done with frame 3400
Done with frame 3401
Done with frame 3402
Done with frame 3403
Done with frame 3404
vmd > Done with frame 3405
Done with frame 3406
Done with frame 3407
Done with frame 3408
Done with frame 3409
Done with frame 3410
Done with frame 3411
Done with frame 3412
Done with frame 3413
Done with frame 3414
Done with frame 3415
Done with frame 3416
Done with frame 3417
Done with frame 3418
Done with frame 3419
Done with frame 3420
Done with frame 3421
Done with frame 3422
Done with frame 3423
Done with frame 3424
Done with frame 3425
Done with frame 3426
Done with frame 3427
Done with frame 3428
Done with frame 3429
Done with frame 3430
Done with frame 3431
Done with frame 3432
Done with frame 3433
Done with frame 3434
Done with frame 3435
Done with frame 3436
Done with frame 3437
Done with frame 3438
Done with frame 3439
Done with frame 3440
Done with frame 3441
Done with frame 3442
Done with frame 3443
Done with frame 3444
Done with frame 3445
Done with frame 3446
Done with frame 3447
Done with frame 3448
Done with frame 3449
Done with frame 3450
Done with frame 3451
Done with frame 3452
Done with frame 3453
Done with frame 3454
Done with frame 3455
Done with frame 3456
Done with frame 3457
Done with frame 3458
Done with frame 3459
Done with frame 3460
Done with frame 3461
Done with frame 3462
Done with frame 3463
Done with frame 3464
Done with frame 3465
Done with frame 3466
Done with frame 3467
Done with frame 3468
Done with frame 3469
Done with frame 3470
Done with frame 3471
Done with frame 3472
Done with frame 3473
Done with frame 3474
Done with frame 3475
Done with frame 3476
Done with frame 3477
Done with frame 3478
Done with frame 3479
Done with frame 3480
Done with frame 3481
Done with frame 3482
Done with frame 3483
Done with frame 3484
Done with frame 3485
Done with frame 3486
Done with frame 3487
Done with frame 3488
Done with frame 3489
Done with frame 3490
Done with frame 3491
Done with frame 3492
Done with frame 3493
Done with frame 3494
Done with frame 3495
Done with frame 3496
Done with frame 3497
Done with frame 3498
Done with frame 3499
Done with frame 3500
Done with frame 3501
Done with frame 3502
Done with frame 3503
Done with frame 3504
Done with frame 3505
Done with frame 3506
Done with frame 3507
Done with frame 3508
Done with frame 3509
Done with frame 3510
Done with frame 3511
Done with frame 3512
Done with frame 3513
Done with frame 3514
Done with frame 3515
Done with frame 3516
Done with frame 3517
Done with frame 3518
Done with frame 3519
Done with frame 3520
Done with frame 3521
Done with frame 3522
Done with frame 3523
Done with frame 3524
Done with frame 3525
Done with frame 3526
Done with frame 3527
Done with frame 3528
Done with frame 3529
Done with frame 3530
Done with frame 3531
Done with frame 3532
Done with frame 3533
Done with frame 3534
Done with frame 3535
Done with frame 3536
Done with frame 3537
Done with frame 3538
Done with frame 3539
Done with frame 3540
Done with frame 3541
Done with frame 3542
Done with frame 3543
Done with frame 3544
Done with frame 3545
Done with frame 3546
Done with frame 3547
Done with frame 3548
Done with frame 3549
Done with frame 3550
Done with frame 3551
Done with frame 3552
Done with frame 3553
Done with frame 3554
Done with frame 3555
Done with frame 3556
Done with frame 3557
Done with frame 3558
Done with frame 3559
Done with frame 3560
Done with frame 3561
Done with frame 3562
Done with frame 3563
Done with frame 3564
Done with frame 3565
Done with frame 3566
Done with frame 3567
Done with frame 3568
Done with frame 3569
Done with frame 3570
Done with frame 3571
Done with frame 3572
Done with frame 3573
Done with frame 3574
Done with frame 3575
Done with frame 3576
Done with frame 3577
Done with frame 3578
Done with frame 3579
Done with frame 3580
Done with frame 3581
Done with frame 3582
Done with frame 3583
Done with frame 3584
Done with frame 3585
Done with frame 3586
Done with frame 3587
Done with frame 3588
Done with frame 3589
Done with frame 3590
Done with frame 3591
Done with frame 3592
Done with frame 3593
Done with frame 3594
Done with frame 3595
Done with frame 3596
Done with frame 3597
Done with frame 3598
Done with frame 3599
Done with frame 3600
Done with frame 3601
Done with frame 3602
Done with frame 3603
Done with frame 3604
Done with frame 3605
Done with frame 3606
Done with frame 3607
Done with frame 3608
Done with frame 3609
Done with frame 3610
Done with frame 3611
Done with frame 3612
Done with frame 3613
Done with frame 3614
Done with frame 3615
Done with frame 3616
Done with frame 3617
Done with frame 3618
Done with frame 3619
Done with frame 3620
Done with frame 3621
Done with frame 3622
Done with frame 3623
Done with frame 3624
Done with frame 3625
Done with frame 3626
Done with frame 3627
Done with frame 3628
Done with frame 3629
Done with frame 3630
Done with frame 3631
Done with frame 3632
Done with frame 3633
Done with frame 3634
Done with frame 3635
Done with frame 3636
Done with frame 3637
Done with frame 3638
Done with frame 3639
Done with frame 3640
Done with frame 3641
Done with frame 3642
Done with frame 3643
Done with frame 3644
Done with frame 3645
Done with frame 3646
Done with frame 3647
Done with frame 3648
Done with frame 3649
Done with frame 3650
Done with frame 3651
Done with frame 3652
Done with frame 3653
Done with frame 3654
Done with frame 3655
Done with frame 3656
Done with frame 3657
Done with frame 3658
Done with frame 3659
Done with frame 3660
Done with frame 3661
Done with frame 3662
Done with frame 3663
Done with frame 3664
Done with frame 3665
Done with frame 3666
Done with frame 3667
Done with frame 3668
Done with frame 3669
Done with frame 3670
Done with frame 3671
Done with frame 3672
Done with frame 3673
Done with frame 3674
Done with frame 3675
Done with frame 3676
Done with frame 3677
Done with frame 3678
Done with frame 3679
Done with frame 3680
Done with frame 3681
Done with frame 3682
Done with frame 3683
Done with frame 3684
Done with frame 3685
Done with frame 3686
Done with frame 3687
Done with frame 3688
Done with frame 3689
Done with frame 3690
Done with frame 3691
Done with frame 3692
Done with frame 3693
Done with frame 3694
Done with frame 3695
Done with frame 3696
Done with frame 3697
Done with frame 3698
Done with frame 3699
Done with frame 3700
Done with frame 3701
Done with frame 3702
Done with frame 3703
Done with frame 3704
Done with frame 3705
Done with frame 3706
Done with frame 3707
Done with frame 3708
Done with frame 3709
Done with frame 3710
Done with frame 3711
Done with frame 3712
Done with frame 3713
Done with frame 3714
Done with frame 3715
Done with frame 3716
Done with frame 3717
Done with frame 3718
Done with frame 3719
Done with frame 3720
Done with frame 3721
Done with frame 3722
Done with frame 3723
Done with frame 3724
Done with frame 3725
Done with frame 3726
Done with frame 3727
Done with frame 3728
Done with frame 3729
Done with frame 3730
Done with frame 3731
Done with frame 3732
Done with frame 3733
Done with frame 3734
Done with frame 3735
Done with frame 3736
Done with frame 3737
Done with frame 3738
Done with frame 3739
Done with frame 3740
Done with frame 3741
Done with frame 3742
Done with frame 3743
Done with frame 3744
Done with frame 3745
Done with frame 3746
Done with frame 3747
Done with frame 3748
Done with frame 3749
Done with frame 3750
Done with frame 3751
Done with frame 3752
Done with frame 3753
Done with frame 3754
Done with frame 3755
Done with frame 3756
Done with frame 3757
Done with frame 3758
Done with frame 3759
Done with frame 3760
Done with frame 3761
Done with frame 3762
Done with frame 3763
Done with frame 3764
Done with frame 3765
Done with frame 3766
Done with frame 3767
Done with frame 3768
Done with frame 3769
Done with frame 3770
Done with frame 3771
Done with frame 3772
Done with frame 3773
Done with frame 3774
Done with frame 3775
Done with frame 3776
Done with frame 3777
Done with frame 3778
Done with frame 3779
Done with frame 3780
Done with frame 3781
Done with frame 3782
Done with frame 3783
Done with frame 3784
Done with frame 3785
Done with frame 3786
Done with frame 3787
Done with frame 3788
Done with frame 3789
Done with frame 3790
Done with frame 3791
Done with frame 3792
Done with frame 3793
Done with frame 3794
Done with frame 3795
Done with frame 3796
Done with frame 3797
Done with frame 3798
Done with frame 3799
Done with frame 3800
Done with frame 3801
Done with frame 3802
Done with frame 3803
Done with frame 3804
Done with frame 3805
Done with frame 3806
Done with frame 3807
Done with frame 3808
Done with frame 3809
Done with frame 3810
Done with frame 3811
Done with frame 3812
Done with frame 3813
Done with frame 3814
Done with frame 3815
Done with frame 3816
Done with frame 3817
Done with frame 3818
Done with frame 3819
Done with frame 3820
Done with frame 3821
Done with frame 3822
Done with frame 3823
Done with frame 3824
Done with frame 3825
Done with frame 3826
Done with frame 3827
Done with frame 3828
Done with frame 3829
Done with frame 3830
Done with frame 3831
Done with frame 3832
Done with frame 3833
Done with frame 3834
Done with frame 3835
Done with frame 3836
Done with frame 3837
Done with frame 3838
Done with frame 3839
Done with frame 3840
Done with frame 3841
Done with frame 3842
Done with frame 3843
Done with frame 3844
Done with frame 3845
Done with frame 3846
Done with frame 3847
Done with frame 3848
Done with frame 3849
Done with frame 3850
Done with frame 3851
Done with frame 3852
Done with frame 3853
Done with frame 3854
Done with frame 3855
Done with frame 3856
Done with frame 3857
Done with frame 3858
Done with frame 3859
Done with frame 3860
Done with frame 3861
Done with frame 3862
Done with frame 3863
Done with frame 3864
Done with frame 3865
Done with frame 3866
Done with frame 3867
Done with frame 3868
Done with frame 3869
Done with frame 3870
Done with frame 3871
Done with frame 3872
Done with frame 3873
Done with frame 3874
Done with frame 3875
Done with frame 3876
Done with frame 3877
Done with frame 3878
Done with frame 3879
Done with frame 3880
Done with frame 3881
Done with frame 3882
Done with frame 3883
Done with frame 3884
Done with frame 3885
Done with frame 3886
Done with frame 3887
Done with frame 3888
Done with frame 3889
Done with frame 3890
Done with frame 3891
Done with frame 3892
Done with frame 3893
Done with frame 3894
Done with frame 3895
Done with frame 3896
Done with frame 3897
Done with frame 3898
Done with frame 3899
Done with frame 3900
Done with frame 3901
Done with frame 3902
Done with frame 3903
Done with frame 3904
Done with frame 3905
Done with frame 3906
Done with frame 3907
Done with frame 3908
Done with frame 3909
Done with frame 3910
Done with frame 3911
Done with frame 3912
Done with frame 3913
Done with frame 3914
Done with frame 3915
Done with frame 3916
Done with frame 3917
Done with frame 3918
Done with frame 3919
Done with frame 3920
Done with frame 3921
Done with frame 3922
Done with frame 3923
Done with frame 3924
Done with frame 3925
Done with frame 3926
Done with frame 3927
Done with frame 3928
Done with frame 3929
Done with frame 3930
Done with frame 3931
Done with frame 3932
Done with frame 3933
Done with frame 3934
Done with frame 3935
Done with frame 3936
Done with frame 3937
Done with frame 3938
Done with frame 3939
Done with frame 3940
Done with frame 3941
Done with frame 3942
Done with frame 3943
Done with frame 3944
Done with frame 3945
Done with frame 3946
Done with frame 3947
Done with frame 3948
Done with frame 3949
Done with frame 3950
Done with frame 3951
Done with frame 3952
Done with frame 3953
Done with frame 3954
Done with frame 3955
Done with frame 3956
Done with frame 3957
Done with frame 3958
Done with frame 3959
Done with frame 3960
Done with frame 3961
Done with frame 3962
Done with frame 3963
Done with frame 3964
Done with frame 3965
Done with frame 3966
Done with frame 3967
Done with frame 3968
Done with frame 3969
Done with frame 3970
Done with frame 3971
Done with frame 3972
Done with frame 3973
Done with frame 3974
Done with frame 3975
Done with frame 3976
Done with frame 3977
Done with frame 3978
Done with frame 3979
Done with frame 3980
Done with frame 3981
Done with frame 3982
Done with frame 3983
Done with frame 3984
Done with frame 3985
Done with frame 3986
Done with frame 3987
Done with frame 3988
Done with frame 3989
Done with frame 3990
Done with frame 3991
Done with frame 3992
Done with frame 3993
Done with frame 3994
Done with frame 3995
Done with frame 3996
Done with frame 3997
Done with frame 3998
Done with frame 3999
Done with frame 4000
Done with frame 4001
Done with frame 4002
Done with frame 4003
Done with frame 4004
Done with frame 4005
Done with frame 4006
Done with frame 4007
Done with frame 4008
Done with frame 4009
Done with frame 4010
Done with frame 4011
Done with frame 4012
Done with frame 4013
Done with frame 4014
Done with frame 4015
Done with frame 4016
Done with frame 4017
Done with frame 4018
Done with frame 4019
Done with frame 4020
Done with frame 4021
Done with frame 4022
Done with frame 4023
Done with frame 4024
Done with frame 4025
Done with frame 4026
Done with frame 4027
Done with frame 4028
Done with frame 4029
Done with frame 4030
Done with frame 4031
Done with frame 4032
Done with frame 4033
Done with frame 4034
Done with frame 4035
Done with frame 4036
Done with frame 4037
Done with frame 4038
Done with frame 4039
Done with frame 4040
Done with frame 4041
Done with frame 4042
Done with frame 4043
Done with frame 4044
Done with frame 4045
Done with frame 4046
Done with frame 4047
Done with frame 4048
Done with frame 4049
Done with frame 4050
Done with frame 4051
Done with frame 4052
Done with frame 4053
Done with frame 4054
Done with frame 4055
Done with frame 4056
Done with frame 4057
Done with frame 4058
Done with frame 4059
Done with frame 4060
Done with frame 4061
Done with frame 4062
Done with frame 4063
Done with frame 4064
Done with frame 4065
Done with frame 4066
Done with frame 4067
Done with frame 4068
Done with frame 4069
Done with frame 4070
Done with frame 4071
Done with frame 4072
Done with frame 4073
Done with frame 4074
Done with frame 4075
Done with frame 4076
Done with frame 4077
Done with frame 4078
Done with frame 4079
Done with frame 4080
Done with frame 4081
Done with frame 4082
Done with frame 4083
Done with frame 4084
Done with frame 4085
Done with frame 4086
Done with frame 4087
Done with frame 4088
Done with frame 4089
Done with frame 4090
Done with frame 4091
Done with frame 4092
Done with frame 4093
Done with frame 4094
Done with frame 4095
Done with frame 4096
Done with frame 4097
Done with frame 4098
Done with frame 4099
Done with frame 4100
Done with frame 4101
Done with frame 4102
Done with frame 4103
Done with frame 4104
Done with frame 4105
Done with frame 4106
Done with frame 4107
Done with frame 4108
Done with frame 4109
Done with frame 4110
Done with frame 4111
Done with frame 4112
Done with frame 4113
Done with frame 4114
Done with frame 4115
Done with frame 4116
Done with frame 4117
Done with frame 4118
Done with frame 4119
Done with frame 4120
Done with frame 4121
Done with frame 4122
Done with frame 4123
Done with frame 4124
Done with frame 4125
Done with frame 4126
Done with frame 4127
Done with frame 4128
Done with frame 4129
Done with frame 4130
Done with frame 4131
Done with frame 4132
Done with frame 4133
Done with frame 4134
Done with frame 4135
Done with frame 4136
Done with frame 4137
Done with frame 4138
Done with frame 4139
Done with frame 4140
Done with frame 4141
Done with frame 4142
Done with frame 4143
Done with frame 4144
Done with frame 4145
Done with frame 4146
Done with frame 4147
Done with frame 4148
Done with frame 4149
Done with frame 4150
Done with frame 4151
Done with frame 4152
Done with frame 4153
Done with frame 4154
Done with frame 4155
Done with frame 4156
Done with frame 4157
Done with frame 4158
Done with frame 4159
Done with frame 4160
Done with frame 4161
Done with frame 4162
Done with frame 4163
Done with frame 4164
Done with frame 4165
Done with frame 4166
Done with frame 4167
Done with frame 4168
Done with frame 4169
Done with frame 4170
Done with frame 4171
Done with frame 4172
Done with frame 4173
Done with frame 4174
Done with frame 4175
Done with frame 4176
Done with frame 4177
Done with frame 4178
Done with frame 4179
Done with frame 4180
Done with frame 4181
Done with frame 4182
Done with frame 4183
Done with frame 4184
Done with frame 4185
Done with frame 4186
Done with frame 4187
Done with frame 4188
Done with frame 4189
Done with frame 4190
Done with frame 4191
Done with frame 4192
Done with frame 4193
Done with frame 4194
Done with frame 4195
Done with frame 4196
Done with frame 4197
Done with frame 4198
Done with frame 4199
Done with frame 4200
Done with frame 4201
Done with frame 4202
Done with frame 4203
Done with frame 4204
Done with frame 4205
Done with frame 4206
bigdcd_done
